00:00 +0: loading D:/AppDev/mine_flow/Code/mine-flow-app/test/features/tracking/presentation/inventory_history_screen_test.dart
00:00 +0: InventoryHistoryScreen Substep 55.8 Widget Tests mobile history is a full page, not a draggable bottom sheet
══╡ EXCEPTION CAUGHT BY FLUTTER TEST FRAMEWORK ╞════════════════════════════════════════════════════
The following TestFailure was thrown running a test:
Expected: no matching candidates
  Actual: _KeyWidgetFinder:<Found 1 widget with key [<'app-sheet-drag-handle'>]: [
            GestureDetector-[<'app-sheet-drag-handle'>](startBehavior: start, dependencies:
[InheritedCupertinoTheme, MediaQuery, ScrollConfiguration, _InheritedTheme,
_LocalizationsScope-[GlobalKey#2faa3]]),
          ]>
   Which: means one was found but none were expected

When the exception was thrown, this was the stack:
#4      main.<anonymous closure>.<anonymous closure> (file:///D:/AppDev/mine_flow/Code/mine-flow-app/test/features/tracking/presentation/inventory_history_screen_test.dart:61:7)
<asynchronous suspension>
#5      testWidgets.<anonymous closure>.<anonymous closure> (package:flutter_test/src/widget_tester.dart:192:15)
<asynchronous suspension>
#6      TestWidgetsFlutterBinding._runTestBody (package:flutter_test/src/binding.dart:1953:5)
<asynchronous suspension>
<asynchronous suspension>
(elided one frame from package:stack_trace)

This was caught by the test expectation on the following line:
  file:///D:/AppDev/mine_flow/Code/mine-flow-app/test/features/tracking/presentation/inventory_history_screen_test.dart line 61
The test description was:
  mobile history is a full page, not a draggable bottom sheet
════════════════════════════════════════════════════════════════════════════════════════════════════
00:01 +0 -1: InventoryHistoryScreen Substep 55.8 Widget Tests mobile history is a full page, not a draggable bottom sheet [E]
  Test failed. See exception logs above.
  The test description was: mobile history is a full page, not a draggable bottom sheet
  
00:01 +0 -1: Some tests failed.

Failing tests:
  D:/AppDev/mine_flow/Code/mine-flow-app/test/features/tracking/presentation/inventory_history_screen_test.dart: InventoryHistoryScreen Substep 55.8 Widget Tests mobile history is a full page, not a draggable bottom sheet
