00:00 +0: loading D:/AppDev/mine_flow/Code/mine-flow-app/test/features/tracking/presentation/inventory_item_entry_screen_test.dart
00:00 +0: cold edit loads and saves the URL item, not a new UUID
══╡ EXCEPTION CAUGHT BY FLUTTER TEST FRAMEWORK ╞════════════════════════════════════════════════════
The following TestFailure was thrown running a test:
Expected: 'e629db4c-1af8-442e-b3f5-b1a6256289c1'
  Actual: '992be552-c522-45e6-a2c5-030d9ee03379'
   Which: is different.
          Expected: e629db4c-1 ...
            Actual: 992be552-c ...
                    ^
           Differ at offset 0
a cold edit must not mint a new item

When the exception was thrown, this was the stack:
#4      main.<anonymous closure> (file:///D:/AppDev/mine_flow/Code/mine-flow-app/test/features/tracking/presentation/inventory_item_entry_screen_test.dart:62:5)
<asynchronous suspension>
#5      testWidgets.<anonymous closure>.<anonymous closure> (package:flutter_test/src/widget_tester.dart:192:15)
<asynchronous suspension>
#6      TestWidgetsFlutterBinding._runTestBody (package:flutter_test/src/binding.dart:1953:5)
<asynchronous suspension>
<asynchronous suspension>
(elided one frame from package:stack_trace)

This was caught by the test expectation on the following line:
  file:///D:/AppDev/mine_flow/Code/mine-flow-app/test/features/tracking/presentation/inventory_item_entry_screen_test.dart line 62
The test description was:
  cold edit loads and saves the URL item, not a new UUID
════════════════════════════════════════════════════════════════════════════════════════════════════
00:01 +0 -1: cold edit loads and saves the URL item, not a new UUID [E]
  Test failed. See exception logs above.
  The test description was: cold edit loads and saves the URL item, not a new UUID
  
00:01 +0 -1: Some tests failed.

Failing tests:
  D:/AppDev/mine_flow/Code/mine-flow-app/test/features/tracking/presentation/inventory_item_entry_screen_test.dart: cold edit loads and saves the URL item, not a new UUID
