CREATE ROLE
CREATE ROLE
CREATE ROLE
CREATE SCHEMA
CREATE TABLE
CREATE FUNCTION
CREATE FUNCTION
GRANT
GRANT
ALTER DEFAULT PRIVILEGES
ALTER DEFAULT PRIVILEGES
CREATE EXTENSION
CREATE TYPE
CREATE TYPE
CREATE TYPE
CREATE TYPE
CREATE FUNCTION
CREATE TABLE
CREATE TRIGGER
CREATE TABLE
CREATE TRIGGER
CREATE TABLE
CREATE TRIGGER
CREATE TABLE
CREATE TRIGGER
CREATE TABLE
CREATE TRIGGER
CREATE TABLE
CREATE TRIGGER
CREATE TABLE
CREATE TRIGGER
CREATE TABLE
CREATE TRIGGER
CREATE TABLE
CREATE TRIGGER
CREATE FUNCTION
ALTER TABLE
ALTER TABLE
ALTER TABLE
ALTER TABLE
ALTER TABLE
ALTER TABLE
ALTER TABLE
ALTER TABLE
ALTER TABLE
CREATE POLICY
CREATE POLICY
CREATE POLICY
CREATE POLICY
CREATE POLICY
CREATE POLICY
CREATE POLICY
CREATE POLICY
CREATE POLICY
CREATE POLICY
CREATE POLICY
CREATE POLICY
CREATE POLICY
CREATE POLICY
CREATE POLICY
CREATE POLICY
CREATE POLICY
CREATE POLICY
CREATE POLICY
CREATE POLICY
CREATE POLICY
CREATE POLICY
CREATE POLICY
CREATE POLICY
CREATE POLICY
CREATE POLICY
CREATE POLICY
CREATE POLICY
CREATE POLICY
CREATE POLICY
CREATE POLICY
CREATE POLICY
CREATE POLICY
CREATE POLICY
CREATE POLICY
CREATE POLICY
CREATE POLICY
CREATE POLICY
CREATE POLICY
