00:00 +0: loading D:/AppDev/mine_flow/Code/mine-flow-app/test/features/tracking/data/models_test.dart
00:00 +0: D:/AppDev/mine_flow/Code/mine-flow-app/test/features/tracking/data/models_test.dart: CutFillModel Serialization fromDomain and toDomain should round-trip correctly
00:00 +1: D:/AppDev/mine_flow/Code/mine-flow-app/test/features/tracking/data/models_test.dart: CutFillModel Serialization toJson and fromJson should round-trip correctly
00:00 +2: D:/AppDev/mine_flow/Code/mine-flow-app/test/features/tracking/data/models_test.dart: CutFillModel Serialization toCoreModel and fromCoreModel should round-trip correctly
00:00 +3: D:/AppDev/mine_flow/Code/mine-flow-app/test/features/tracking/data/models_test.dart: CutFillModel Serialization should handle minimal record with only required fields
00:00 +4: D:/AppDev/mine_flow/Code/mine-flow-app/test/features/tracking/data/models_test.dart: CutFillModel Serialization JSON serialization should preserve field name mapping and emit only allowed keys
00:00 +5: D:/AppDev/mine_flow/Code/mine-flow-app/test/features/tracking/data/models_test.dart: LandClearingModel Serialization fromDomain and toDomain should round-trip correctly
00:00 +6: D:/AppDev/mine_flow/Code/mine-flow-app/test/features/tracking/data/models_test.dart: LandClearingModel Serialization toJson and fromJson should round-trip correctly
00:00 +7: D:/AppDev/mine_flow/Code/mine-flow-app/test/features/tracking/data/models_test.dart: LandClearingModel Serialization toCoreModel and fromCoreModel should round-trip correctly
00:00 +8: D:/AppDev/mine_flow/Code/mine-flow-app/test/features/tracking/data/models_test.dart: LandClearingModel Serialization JSON serialization should preserve area fields and emit only allowed keys
00:00 +9: D:/AppDev/mine_flow/Code/mine-flow-app/test/features/tracking/data/models_test.dart: InventoryItemModel Serialization fromDomain and toDomain should round-trip correctly
00:00 +10: D:/AppDev/mine_flow/Code/mine-flow-app/test/features/tracking/data/models_test.dart: InventoryItemModel Serialization toJson and fromJson should round-trip correctly
00:00 +11: D:/AppDev/mine_flow/Code/mine-flow-app/test/features/tracking/data/models_test.dart: InventoryItemModel Serialization toCoreModel and fromCoreModel should round-trip correctly
00:00 +12: D:/AppDev/mine_flow/Code/mine-flow-app/test/features/tracking/data/models_test.dart: InventoryItemModel Serialization JSON should only include valid schema keys and not legacy keys
00:00 +13: D:/AppDev/mine_flow/Code/mine-flow-app/test/features/tracking/data/models_test.dart: InventoryItemModel Serialization should handle minimal item with only required fields
00:01 +14: D:/AppDev/mine_flow/Code/mine-flow-app/test/features/tracking/data/repositories/tracking_repository_impl_test.dart: Cut/Fill Repository Operations saveCutFillRecord should write to local cache and enqueue sync mutation
00:01 +15: D:/AppDev/mine_flow/Code/mine-flow-app/test/features/tracking/data/repositories/tracking_repository_impl_test.dart: Cut/Fill Repository Operations saveCutFillRecord should write to local cache and enqueue sync mutation
00:01 +16: D:/AppDev/mine_flow/Code/mine-flow-app/test/features/tracking/data/repositories/tracking_repository_impl_test.dart: Cut/Fill Repository Operations saveCutFillRecord should write to local cache and enqueue sync mutation
00:01 +17: D:/AppDev/mine_flow/Code/mine-flow-app/test/features/tracking/data/repositories/tracking_repository_impl_test.dart: Cut/Fill Repository Operations saveCutFillRecord should write to local cache and enqueue sync mutation
00:01 +18: D:/AppDev/mine_flow/Code/mine-flow-app/test/features/tracking/data/repositories/tracking_repository_impl_test.dart: Cut/Fill Repository Operations saveCutFillRecord should write to local cache and enqueue sync mutation
00:01 +19: D:/AppDev/mine_flow/Code/mine-flow-app/test/features/tracking/data/repositories/tracking_repository_impl_test.dart: Cut/Fill Repository Operations saveCutFillRecord should write to local cache and enqueue sync mutation
00:01 +20: D:/AppDev/mine_flow/Code/mine-flow-app/test/features/tracking/data/repositories/tracking_repository_impl_test.dart: Cut/Fill Repository Operations saveCutFillRecord should write to local cache and enqueue sync mutation
00:01 +21: D:/AppDev/mine_flow/Code/mine-flow-app/test/features/tracking/data/repositories/tracking_repository_impl_test.dart: Cut/Fill Repository Operations saveCutFillRecord should write to local cache and enqueue sync mutation
00:01 +22: D:/AppDev/mine_flow/Code/mine-flow-app/test/features/tracking/domain/entities_test.dart: LandClearingRecord Domain Entity should support copyWith and Equatable
00:01 +23: D:/AppDev/mine_flow/Code/mine-flow-app/test/features/tracking/domain/entities_test.dart: LandClearingRecord Domain Entity should handle zero area
00:01 +24: D:/AppDev/mine_flow/Code/mine-flow-app/test/features/tracking/data/repositories/tracking_repository_impl_test.dart: Cut/Fill Repository Operations getCutFillRecords should filter by zoneId
00:01 +25: D:/AppDev/mine_flow/Code/mine-flow-app/test/features/tracking/data/repositories/tracking_repository_impl_test.dart: Cut/Fill Repository Operations getCutFillRecords should filter by zoneId
00:01 +26: D:/AppDev/mine_flow/Code/mine-flow-app/test/features/tracking/data/repositories/tracking_repository_impl_test.dart: Cut/Fill Repository Operations getCutFillRecords should filter by zoneId
00:01 +27: D:/AppDev/mine_flow/Code/mine-flow-app/test/features/tracking/data/repositories/tracking_repository_impl_test.dart: Cut/Fill Repository Operations getCutFillRecords should filter by zoneId
00:01 +28: D:/AppDev/mine_flow/Code/mine-flow-app/test/features/tracking/data/repositories/tracking_repository_impl_test.dart: Cut/Fill Repository Operations getCutFillRecords should filter by zoneId
00:01 +29: D:/AppDev/mine_flow/Code/mine-flow-app/test/features/tracking/data/repositories/tracking_repository_impl_test.dart: Cut/Fill Repository Operations getCutFillRecords should filter by zoneId
00:01 +30: D:/AppDev/mine_flow/Code/mine-flow-app/test/features/tracking/data/repositories/tracking_repository_impl_test.dart: Cut/Fill Repository Operations getCutFillRecords should filter by zoneId
00:01 +31: D:/AppDev/mine_flow/Code/mine-flow-app/test/features/tracking/data/repositories/tracking_repository_impl_test.dart: Cut/Fill Repository Operations getCutFillRecordById should return specific record
00:01 +32: D:/AppDev/mine_flow/Code/mine-flow-app/test/features/tracking/data/repositories/tracking_repository_impl_test.dart: Cut/Fill Repository Operations getCutFillRecordById should return null for non-existent record
00:01 +33: D:/AppDev/mine_flow/Code/mine-flow-app/test/features/tracking/data/repositories/tracking_repository_impl_test.dart: Cut/Fill Repository Operations deleteCutFillRecord should soft delete and enqueue delete mutation
00:01 +34: D:/AppDev/mine_flow/Code/mine-flow-app/test/features/tracking/data/repositories/tracking_repository_impl_test.dart: Cut/Fill Repository Operations deleteCutFillRecord on non-existent should still enqueue delete
00:01 +35: D:/AppDev/mine_flow/Code/mine-flow-app/test/features/tracking/data/repositories/tracking_repository_impl_test.dart: Cut/Fill Repository Operations syncRemote should fetch remote data and update local cache
00:01 +36: D:/AppDev/mine_flow/Code/mine-flow-app/test/features/tracking/data/repositories/tracking_repository_impl_test.dart: Land Clearing Repository Operations saveLandClearingRecord should write to local cache and enqueue sync mutation
00:01 +37: D:/AppDev/mine_flow/Code/mine-flow-app/test/features/tracking/data/repositories/tracking_repository_impl_test.dart: Land Clearing Repository Operations getLandClearingRecords should filter by zoneId
00:01 +38: D:/AppDev/mine_flow/Code/mine-flow-app/test/features/tracking/data/repositories/tracking_repository_impl_test.dart: Land Clearing Repository Operations deleteLandClearingRecord should soft delete and enqueue delete mutation
00:01 +39: D:/AppDev/mine_flow/Code/mine-flow-app/test/features/tracking/data/repositories/tracking_repository_impl_test.dart: Inventory Repository Operations saveInventoryItem should write to local cache and enqueue sync mutation
00:01 +40: D:/AppDev/mine_flow/Code/mine-flow-app/test/features/tracking/data/repositories/tracking_repository_impl_test.dart: Inventory Repository Operations getInventoryItems should filter by category
00:01 +41: D:/AppDev/mine_flow/Code/mine-flow-app/test/features/tracking/data/repositories/tracking_repository_impl_test.dart: Inventory Repository Operations adjustInventory should adjust stock correctly
00:01 +42: D:/AppDev/mine_flow/Code/mine-flow-app/test/features/tracking/data/repositories/tracking_repository_impl_test.dart: Inventory Repository Operations adjustInventory should not go below zero
00:01 +43: D:/AppDev/mine_flow/Code/mine-flow-app/test/features/tracking/data/repositories/tracking_repository_impl_test.dart: Inventory Repository Operations deleteInventoryItem should soft delete and enqueue delete mutation
00:01 +44: D:/AppDev/mine_flow/Code/mine-flow-app/test/features/tracking/data/repositories/tracking_repository_impl_test.dart: Inventory Repository Operations getInventoryTransactions orders by created_at newest-first (STEP-55.8)
00:01 +45: D:/AppDev/mine_flow/Code/mine-flow-app/test/features/tracking/data/repositories/tracking_repository_impl_test.dart: Sync Queue Integration mutations are enqueued in correct order for CRUD operations
00:01 +46: D:/AppDev/mine_flow/Code/mine-flow-app/test/features/tracking/data/repositories/tracking_repository_impl_test.dart: Sync Queue Integration SyncQueueManager processes tracking mutations via entity handlers
00:02 +47: D:/AppDev/mine_flow/Code/mine-flow-app/test/features/tracking/data/repositories/tracking_repository_impl_test.dart: Sync Queue Integration getCutFillRecords orders newest-first so a just-saved record is not below the fold (STEP-48.21 R-1)
00:02 +48: D:/AppDev/mine_flow/Code/mine-flow-app/test/features/tracking/data/repositories/tracking_repository_impl_test.dart: Sync Queue Integration syncRemote does not clobber a newer local inventory quantity with a stale remote snapshot (STEP-48.21 R-4 Android leg)
00:02 +49: D:/AppDev/mine_flow/Code/mine-flow-app/test/features/tracking/data/repositories/tracking_repository_impl_test.dart: Sync Queue Integration syncRemote still applies a genuinely newer remote inventory row (STEP-48.21 R-4 merge sanity)
00:02 +50: D:/AppDev/mine_flow/Code/mine-flow-app/test/features/tracking/data/repositories/tracking_repository_impl_test.dart: Sync Queue Integration tracking registrar UTC re-anchors updated_at so the drain does not stamp a phantom-future row (STEP-48.21 R-4 / 48.20 class sweep)
00:08 +51: D:/AppDev/mine_flow/Code/mine-flow-app/test/features/tracking/presentation/cut_fill_bloc_test.dart: (setUpAll)
00:08 +51: D:/AppDev/mine_flow/Code/mine-flow-app/test/features/tracking/presentation/cut_fill_bloc_test.dart: LoadCutFillRecordsEvent emits [CutFillLoading, CutFillRecordsLoaded] with aggregated totals when records loaded successfully
00:08 +52: D:/AppDev/mine_flow/Code/mine-flow-app/test/features/tracking/presentation/cut_fill_bloc_test.dart: LoadCutFillRecordsEvent emits [CutFillLoading, CutFillError] when repository throws
00:08 +53: D:/AppDev/mine_flow/Code/mine-flow-app/test/features/tracking/presentation/cut_fill_bloc_test.dart: InitializeCutFillFormEvent emits [CutFillLoading, CutFillFormState] with new blank record
00:08 +54: D:/AppDev/mine_flow/Code/mine-flow-app/test/features/tracking/presentation/cut_fill_bloc_test.dart: InitializeCutFillFormEvent emits [CutFillLoading, CutFillFormState] with existing record when editing
00:08 +55: D:/AppDev/mine_flow/Code/mine-flow-app/test/features/tracking/presentation/cut_fill_bloc_test.dart: InitializeCutFillFormEvent fetches record by ID from repository during cold edit when existingRecord is null
00:08 +56: D:/AppDev/mine_flow/Code/mine-flow-app/test/features/tracking/presentation/cut_fill_bloc_test.dart: InitializeCutFillFormEvent emits error when cold edit record is not found in repository
00:08 +57: D:/AppDev/mine_flow/Code/mine-flow-app/test/features/tracking/presentation/cut_fill_bloc_test.dart: InitializeCutFillFormEvent emits error when cold edit recordId is invalid
00:08 +58: D:/AppDev/mine_flow/Code/mine-flow-app/test/features/tracking/presentation/cut_fill_bloc_test.dart: Bcm/Lcm Form Field Changes updates bcm volume and marks unsaved changes
00:08 +59: D:/AppDev/mine_flow/Code/mine-flow-app/test/features/tracking/presentation/cut_fill_bloc_test.dart: Bcm/Lcm Form Field Changes updates lcm volume and marks unsaved changes
00:08 +60: D:/AppDev/mine_flow/Code/mine-flow-app/test/features/tracking/presentation/cut_fill_bloc_test.dart: SaveCutFillRecordEvent emits saved state when repository succeeds
00:08 +61: D:/AppDev/mine_flow/Code/mine-flow-app/test/features/tracking/presentation/cut_fill_bloc_test.dart: SaveCutFillRecordEvent emits error state when repository throws
00:08 +62: D:/AppDev/mine_flow/Code/mine-flow-app/test/features/tracking/presentation/cut_fill_bloc_test.dart: DeleteCutFillRecordEvent deletes record and reloads list when in loaded state
00:08 +63: D:/AppDev/mine_flow/Code/mine-flow-app/test/features/tracking/presentation/cut_fill_bloc_test.dart: DeleteCutFillRecordEvent emits error when delete throws
00:08 +64: D:/AppDev/mine_flow/Code/mine-flow-app/test/features/tracking/presentation/cut_fill_bloc_test.dart: (tearDownAll)
00:17 +64: D:/AppDev/mine_flow/Code/mine-flow-app/test/features/tracking/presentation/cut_fill_form_screen_test.dart: (setUpAll)
00:17 +64: D:/AppDev/mine_flow/Code/mine-flow-app/test/features/tracking/presentation/cut_fill_form_screen_test.dart: CutFillFormScreen renders Volume (BCM) and Volume (LCM) labels and no stepper buttons (CF-014)
00:19 +65: D:/AppDev/mine_flow/Code/mine-flow-app/test/features/tracking/presentation/cut_fill_form_screen_test.dart: CutFillFormScreen renders Volume (BCM) and Volume (LCM) labels and no stepper buttons (CF-014)
00:19 +66: D:/AppDev/mine_flow/Code/mine-flow-app/test/features/tracking/presentation/cut_fill_form_screen_test.dart: CutFillFormScreen renders Volume (BCM) and Volume (LCM) labels and no stepper buttons (CF-014)
00:19 +67: D:/AppDev/mine_flow/Code/mine-flow-app/test/features/tracking/presentation/cut_fill_form_screen_test.dart: CutFillFormScreen renders Volume (BCM) and Volume (LCM) labels and no stepper buttons (CF-014)
00:19 +68: D:/AppDev/mine_flow/Code/mine-flow-app/test/features/tracking/presentation/cut_fill_form_screen_test.dart: CutFillFormScreen renders Volume (BCM) and Volume (LCM) labels and no stepper buttons (CF-014)
00:19 +69: D:/AppDev/mine_flow/Code/mine-flow-app/test/features/tracking/presentation/cut_fill_form_screen_test.dart: CutFillFormScreen renders Volume (BCM) and Volume (LCM) labels and no stepper buttons (CF-014)
00:19 +70: D:/AppDev/mine_flow/Code/mine-flow-app/test/features/tracking/presentation/cut_fill_form_screen_test.dart: CutFillFormScreen renders Volume (BCM) and Volume (LCM) labels and no stepper buttons (CF-014)
00:19 +71: D:/AppDev/mine_flow/Code/mine-flow-app/test/features/tracking/presentation/cut_fill_form_screen_test.dart: CutFillFormScreen renders Volume (BCM) and Volume (LCM) labels and no stepper buttons (CF-014)
00:19 +72: D:/AppDev/mine_flow/Code/mine-flow-app/test/features/tracking/presentation/cut_fill_form_screen_test.dart: CutFillFormScreen renders Volume (BCM) and Volume (LCM) labels and no stepper buttons (CF-014)
00:19 +73: D:/AppDev/mine_flow/Code/mine-flow-app/test/features/tracking/presentation/cut_fill_form_screen_test.dart: CutFillFormScreen renders Volume (BCM) and Volume (LCM) labels and no stepper buttons (CF-014)
00:19 +74: D:/AppDev/mine_flow/Code/mine-flow-app/test/features/tracking/presentation/cut_fill_form_screen_test.dart: CutFillFormScreen renders Volume (BCM) and Volume (LCM) labels and no stepper buttons (CF-014)
00:19 +75: D:/AppDev/mine_flow/Code/mine-flow-app/test/features/tracking/presentation/cut_fill_form_screen_test.dart: CutFillFormScreen renders Volume (BCM) and Volume (LCM) labels and no stepper buttons (CF-014)
00:19 +76: D:/AppDev/mine_flow/Code/mine-flow-app/test/features/tracking/presentation/cut_fill_form_screen_test.dart: CutFillFormScreen renders Volume (BCM) and Volume (LCM) labels and no stepper buttons (CF-014)
00:19 +77: D:/AppDev/mine_flow/Code/mine-flow-app/test/features/tracking/presentation/cut_fill_form_screen_test.dart: CutFillFormScreen renders Volume (BCM) and Volume (LCM) labels and no stepper buttons (CF-014)
00:19 +78: D:/AppDev/mine_flow/Code/mine-flow-app/test/features/tracking/presentation/cut_fill_form_screen_test.dart: CutFillFormScreen renders Volume (BCM) and Volume (LCM) labels and no stepper buttons (CF-014)
00:19 +79: D:/AppDev/mine_flow/Code/mine-flow-app/test/features/tracking/presentation/cut_fill_form_screen_test.dart: CutFillFormScreen renders Volume (BCM) and Volume (LCM) labels and no stepper buttons (CF-014)
00:19 +80: D:/AppDev/mine_flow/Code/mine-flow-app/test/features/tracking/presentation/cut_fill_form_screen_test.dart: CutFillFormScreen renders Volume (BCM) and Volume (LCM) labels and no stepper buttons (CF-014)
00:19 +81: D:/AppDev/mine_flow/Code/mine-flow-app/test/features/tracking/presentation/cut_fill_form_screen_test.dart: CutFillFormScreen renders Volume (BCM) and Volume (LCM) labels and no stepper buttons (CF-014)
00:20 +82: D:/AppDev/mine_flow/Code/mine-flow-app/test/features/tracking/presentation/cut_fill_list_screen_test.dart: CutFillListScreen renders list with volume summary card and measurement cards
00:20 +83: D:/AppDev/mine_flow/Code/mine-flow-app/test/features/tracking/presentation/cut_fill_form_screen_test.dart: CutFillFormScreen renders create form elements properly for new measurement
00:20 +84: D:/AppDev/mine_flow/Code/mine-flow-app/test/features/tracking/presentation/inventory_dashboard_screen_test.dart: InventoryDashboardScreen Substep 38.1 Widget Tests renders Tambah Item and Laporan in FABs
00:20 +85: D:/AppDev/mine_flow/Code/mine-flow-app/test/features/tracking/presentation/inventory_dashboard_screen_test.dart: InventoryDashboardScreen Substep 38.1 Widget Tests renders Tambah Item and Laporan in FABs
00:21 +86: D:/AppDev/mine_flow/Code/mine-flow-app/test/features/tracking/presentation/inventory_dashboard_screen_test.dart: InventoryDashboardScreen Substep 38.1 Widget Tests renders Tambah Item and Laporan in FABs
00:21 +87: D:/AppDev/mine_flow/Code/mine-flow-app/test/features/tracking/presentation/inventory_dashboard_screen_test.dart: InventoryDashboardScreen Substep 38.1 Widget Tests renders Tambah Item and Laporan in FABs
00:21 +88: D:/AppDev/mine_flow/Code/mine-flow-app/test/features/tracking/presentation/inventory_dashboard_screen_test.dart: InventoryDashboardScreen Substep 38.1 Widget Tests renders Tambah Item and Laporan in FABs
00:22 +89: D:/AppDev/mine_flow/Code/mine-flow-app/test/features/tracking/presentation/inventory_history_screen_test.dart: InventoryHistoryScreen Substep 55.8 Widget Tests mobile history is a full page, not a draggable bottom sheet
00:22 +90: D:/AppDev/mine_flow/Code/mine-flow-app/test/features/tracking/presentation/inventory_history_screen_test.dart: InventoryHistoryScreen Substep 55.8 Widget Tests mobile history is a full page, not a draggable bottom sheet
00:22 +91: D:/AppDev/mine_flow/Code/mine-flow-app/test/features/tracking/presentation/inventory_history_screen_test.dart: InventoryHistoryScreen Substep 55.8 Widget Tests mobile history is a full page, not a draggable bottom sheet
00:22 +92: D:/AppDev/mine_flow/Code/mine-flow-app/test/features/tracking/presentation/inventory_history_screen_test.dart: InventoryHistoryScreen Substep 55.8 Widget Tests mobile history is a full page, not a draggable bottom sheet
00:22 +93: D:/AppDev/mine_flow/Code/mine-flow-app/test/features/tracking/presentation/inventory_history_screen_test.dart: InventoryHistoryScreen Substep 55.8 Widget Tests mobile history is a full page, not a draggable bottom sheet
00:23 +94: D:/AppDev/mine_flow/Code/mine-flow-app/test/features/tracking/presentation/inventory_history_screen_test.dart: InventoryHistoryScreen Substep 55.8 Widget Tests mobile history is a full page, not a draggable bottom sheet
00:23 +95: D:/AppDev/mine_flow/Code/mine-flow-app/test/features/tracking/presentation/inventory_history_screen_test.dart: InventoryHistoryScreen Substep 55.8 Widget Tests mobile history is a full page, not a draggable bottom sheet
00:23 +96: D:/AppDev/mine_flow/Code/mine-flow-app/test/features/tracking/presentation/inventory_item_entry_save_test.dart: wide (web/desktop) layout: save button in the right-side sheet footer is reachable and pops the sheet (fixture-vs-product proof for 55.8 residual)
00:23 +97: D:/AppDev/mine_flow/Code/mine-flow-app/test/features/tracking/presentation/inventory_item_entry_save_test.dart: wide (web/desktop) layout: save button in the right-side sheet footer is reachable and pops the sheet (fixture-vs-product proof for 55.8 residual)
00:23 +98: D:/AppDev/mine_flow/Code/mine-flow-app/test/features/tracking/presentation/inventory_item_entry_save_test.dart: wide (web/desktop) layout: save button in the right-side sheet footer is reachable and pops the sheet (fixture-vs-product proof for 55.8 residual)
00:23 +99: D:/AppDev/mine_flow/Code/mine-flow-app/test/features/tracking/presentation/inventory_item_entry_save_test.dart: wide (web/desktop) layout: save button in the right-side sheet footer is reachable and pops the sheet (fixture-vs-product proof for 55.8 residual)
00:23 +100: D:/AppDev/mine_flow/Code/mine-flow-app/test/features/tracking/presentation/inventory_item_entry_save_test.dart: wide (web/desktop) layout: save button in the right-side sheet footer is reachable and pops the sheet (fixture-vs-product proof for 55.8 residual)
00:24 +101: D:/AppDev/mine_flow/Code/mine-flow-app/test/features/tracking/presentation/inventory_item_entry_save_test.dart: wide (web/desktop) layout: save button in the right-side sheet footer is reachable and pops the sheet (fixture-vs-product proof for 55.8 residual)
00:24 +102: D:/AppDev/mine_flow/Code/mine-flow-app/test/features/tracking/presentation/inventory_item_entry_save_test.dart: wide (web/desktop) layout: save button in the right-side sheet footer is reachable and pops the sheet (fixture-vs-product proof for 55.8 residual)
00:24 +103: D:/AppDev/mine_flow/Code/mine-flow-app/test/features/tracking/presentation/inventory_item_entry_save_test.dart: wide (web/desktop) layout: save button in the right-side sheet footer is reachable and pops the sheet (fixture-vs-product proof for 55.8 residual)
00:24 +104: D:/AppDev/mine_flow/Code/mine-flow-app/test/features/tracking/presentation/inventory_item_entry_save_test.dart: wide (web/desktop) layout: save button in the right-side sheet footer is reachable and pops the sheet (fixture-vs-product proof for 55.8 residual)
00:24 +105: D:/AppDev/mine_flow/Code/mine-flow-app/test/features/tracking/presentation/inventory_item_entry_save_test.dart: wide (web/desktop) layout: save button in the right-side sheet footer is reachable and pops the sheet (fixture-vs-product proof for 55.8 residual)
00:24 +106: D:/AppDev/mine_flow/Code/mine-flow-app/test/features/tracking/presentation/inventory_item_entry_save_test.dart: wide (web/desktop) layout: save button in the right-side sheet footer is reachable and pops the sheet (fixture-vs-product proof for 55.8 residual)
00:24 +107: D:/AppDev/mine_flow/Code/mine-flow-app/test/features/tracking/presentation/inventory_item_entry_save_test.dart: wide (web/desktop) layout: save button in the right-side sheet footer is reachable and pops the sheet (fixture-vs-product proof for 55.8 residual)
00:28 +108: D:/AppDev/mine_flow/Code/mine-flow-app/test/features/tracking/presentation/inventory_item_entry_save_test.dart: wide (web/desktop) layout: save button in the right-side sheet footer is reachable and pops the sheet (fixture-vs-product proof for 55.8 residual)
00:28 +109: D:/AppDev/mine_flow/Code/mine-flow-app/test/features/tracking/presentation/inventory_item_entry_save_test.dart: wide (web/desktop) layout: save button in the right-side sheet footer is reachable and pops the sheet (fixture-vs-product proof for 55.8 residual)
00:28 +110: D:/AppDev/mine_flow/Code/mine-flow-app/test/features/tracking/presentation/inventory_item_entry_save_test.dart: wide (web/desktop) layout: save button in the right-side sheet footer is reachable and pops the sheet (fixture-vs-product proof for 55.8 residual)
00:29 +111: D:/AppDev/mine_flow/Code/mine-flow-app/test/features/tracking/presentation/inventory_item_entry_save_test.dart: wide (web/desktop) layout: save button in the right-side sheet footer is reachable and pops the sheet (fixture-vs-product proof for 55.8 residual)
00:29 +112: D:/AppDev/mine_flow/Code/mine-flow-app/test/features/tracking/presentation/inventory_item_entry_save_test.dart: wide (web/desktop) layout: save button in the right-side sheet footer is reachable and pops the sheet (fixture-vs-product proof for 55.8 residual)
00:29 +113: D:/AppDev/mine_flow/Code/mine-flow-app/test/features/tracking/presentation/inventory_item_entry_save_test.dart: wide (web/desktop) layout: save button in the right-side sheet footer is reachable and pops the sheet (fixture-vs-product proof for 55.8 residual)
00:29 +114: D:/AppDev/mine_flow/Code/mine-flow-app/test/features/tracking/presentation/inventory_item_entry_save_test.dart: wide (web/desktop) layout: save button in the right-side sheet footer is reachable and pops the sheet (fixture-vs-product proof for 55.8 residual)
00:29 +115: D:/AppDev/mine_flow/Code/mine-flow-app/test/features/tracking/presentation/inventory_item_entry_save_test.dart: wide (web/desktop) layout: save button in the right-side sheet footer is reachable and pops the sheet (fixture-vs-product proof for 55.8 residual)
00:29 +116: D:/AppDev/mine_flow/Code/mine-flow-app/test/features/tracking/presentation/inventory_item_entry_save_test.dart: wide (web/desktop) layout: save button in the right-side sheet footer is reachable and pops the sheet (fixture-vs-product proof for 55.8 residual)
00:30 +117: D:/AppDev/mine_flow/Code/mine-flow-app/test/features/tracking/presentation/inventory_item_entry_save_test.dart: wide (web/desktop) layout: save button in the right-side sheet footer is reachable and pops the sheet (fixture-vs-product proof for 55.8 residual)
00:30 +118: D:/AppDev/mine_flow/Code/mine-flow-app/test/features/tracking/presentation/inventory_item_entry_save_test.dart: wide (web/desktop) layout: save button in the right-side sheet footer is reachable and pops the sheet (fixture-vs-product proof for 55.8 residual)
00:30 +119: D:/AppDev/mine_flow/Code/mine-flow-app/test/features/tracking/presentation/inventory_item_entry_save_test.dart: wide (web/desktop) layout: save button in the right-side sheet footer is reachable and pops the sheet (fixture-vs-product proof for 55.8 residual)
00:30 +120: D:/AppDev/mine_flow/Code/mine-flow-app/test/features/tracking/presentation/inventory_item_entry_save_test.dart: wide (web/desktop) layout: save button in the right-side sheet footer is reachable and pops the sheet (fixture-vs-product proof for 55.8 residual)
00:30 +121: D:/AppDev/mine_flow/Code/mine-flow-app/test/features/tracking/presentation/inventory_item_entry_save_test.dart: wide (web/desktop) layout: save button in the right-side sheet footer is reachable and pops the sheet (fixture-vs-product proof for 55.8 residual)
00:30 +122: D:/AppDev/mine_flow/Code/mine-flow-app/test/features/tracking/presentation/inventory_item_entry_save_test.dart: wide (web/desktop) layout: save button in the right-side sheet footer is reachable and pops the sheet (fixture-vs-product proof for 55.8 residual)
00:33 +123: D:/AppDev/mine_flow/Code/mine-flow-app/test/features/tracking/presentation/inventory_item_entry_save_test.dart: wide (web/desktop) layout: save button in the right-side sheet footer is reachable and pops the sheet (fixture-vs-product proof for 55.8 residual)
00:33 +124: D:/AppDev/mine_flow/Code/mine-flow-app/test/features/tracking/presentation/inventory_item_entry_save_test.dart: wide (web/desktop) layout: save button in the right-side sheet footer is reachable and pops the sheet (fixture-vs-product proof for 55.8 residual)
00:33 +125: D:/AppDev/mine_flow/Code/mine-flow-app/test/features/tracking/presentation/inventory_item_entry_save_test.dart: wide (web/desktop) layout: save button in the right-side sheet footer is reachable and pops the sheet (fixture-vs-product proof for 55.8 residual)
00:33 +126: D:/AppDev/mine_flow/Code/mine-flow-app/test/features/tracking/presentation/inventory_item_entry_save_test.dart: wide (web/desktop) layout: save button in the right-side sheet footer is reachable and pops the sheet (fixture-vs-product proof for 55.8 residual)
00:33 +127: D:/AppDev/mine_flow/Code/mine-flow-app/test/features/tracking/presentation/inventory_item_entry_save_test.dart: wide (web/desktop) layout: save button in the right-side sheet footer is reachable and pops the sheet (fixture-vs-product proof for 55.8 residual)
00:33 +128: D:/AppDev/mine_flow/Code/mine-flow-app/test/features/tracking/presentation/inventory_item_entry_save_test.dart: wide (web/desktop) layout: save button in the right-side sheet footer is reachable and pops the sheet (fixture-vs-product proof for 55.8 residual)
00:33 +129: D:/AppDev/mine_flow/Code/mine-flow-app/test/features/tracking/presentation/inventory_item_entry_save_test.dart: wide (web/desktop) layout: save button in the right-side sheet footer is reachable and pops the sheet (fixture-vs-product proof for 55.8 residual)
00:33 +130: D:/AppDev/mine_flow/Code/mine-flow-app/test/features/tracking/presentation/inventory_item_entry_screen_test.dart: cold edit loads and saves the URL item, not a new UUID
00:33 +131: D:/AppDev/mine_flow/Code/mine-flow-app/test/features/tracking/presentation/inventory_item_entry_screen_test.dart: cold edit loads and saves the URL item, not a new UUID
00:33 +132: D:/AppDev/mine_flow/Code/mine-flow-app/test/features/tracking/presentation/inventory_item_entry_screen_test.dart: cold edit loads and saves the URL item, not a new UUID
00:33 +133: D:/AppDev/mine_flow/Code/mine-flow-app/test/features/tracking/presentation/inventory_item_entry_screen_test.dart: cold edit loads and saves the URL item, not a new UUID
00:33 +134: D:/AppDev/mine_flow/Code/mine-flow-app/test/features/tracking/presentation/inventory_item_entry_screen_test.dart: cold edit loads and saves the URL item, not a new UUID
00:33 +135: D:/AppDev/mine_flow/Code/mine-flow-app/test/features/tracking/presentation/inventory_item_entry_screen_test.dart: cold edit loads and saves the URL item, not a new UUID
00:34 +136: D:/AppDev/mine_flow/Code/mine-flow-app/test/features/tracking/presentation/inventory_item_entry_screen_test.dart: cold edit loads and saves the URL item, not a new UUID
00:34 +137: D:/AppDev/mine_flow/Code/mine-flow-app/test/features/tracking/presentation/inventory_item_entry_screen_test.dart: cold edit loads and saves the URL item, not a new UUID
00:34 +138: D:/AppDev/mine_flow/Code/mine-flow-app/test/features/tracking/presentation/inventory_item_entry_screen_test.dart: cold edit loads and saves the URL item, not a new UUID
00:34 +139: D:/AppDev/mine_flow/Code/mine-flow-app/test/features/tracking/presentation/inventory_item_entry_screen_test.dart: cold edit loads and saves the URL item, not a new UUID
00:35 +140: D:/AppDev/mine_flow/Code/mine-flow-app/test/features/tracking/presentation/inventory_item_entry_screen_test.dart: cold edit loads and saves the URL item, not a new UUID
00:35 +141: D:/AppDev/mine_flow/Code/mine-flow-app/test/features/tracking/presentation/inventory_item_entry_screen_test.dart: cold edit loads and saves the URL item, not a new UUID
00:35 +142: D:/AppDev/mine_flow/Code/mine-flow-app/test/features/tracking/presentation/inventory_item_entry_screen_test.dart: cold edit loads and saves the URL item, not a new UUID
00:36 +143: D:/AppDev/mine_flow/Code/mine-flow-app/test/features/tracking/presentation/inventory_item_entry_screen_test.dart: cold edit loads and saves the URL item, not a new UUID
00:36 +144: D:/AppDev/mine_flow/Code/mine-flow-app/test/features/tracking/presentation/inventory_item_entry_screen_test.dart: cold edit loads and saves the URL item, not a new UUID
00:36 +145: D:/AppDev/mine_flow/Code/mine-flow-app/test/features/tracking/presentation/inventory_item_entry_screen_test.dart: cold edit loads and saves the URL item, not a new UUID
00:37 +146: D:/AppDev/mine_flow/Code/mine-flow-app/test/features/tracking/presentation/inventory_item_entry_screen_test.dart: renders merged Jumlah & Satuan row with quantity input and unit dropdown
00:37 +147: D:/AppDev/mine_flow/Code/mine-flow-app/test/features/tracking/presentation/record_card_overflow_test.dart: CutFillCard does not overflow on phone (R-2)
00:38 +148: D:/AppDev/mine_flow/Code/mine-flow-app/test/features/tracking/presentation/record_card_overflow_test.dart: LandClearingCard does not overflow on phone (R-2)
00:38 +149: D:/AppDev/mine_flow/Code/mine-flow-app/test/features/tracking/presentation/record_card_overflow_test.dart: DailyLogCard does not overflow on phone (R-2)
00:38 +150: D:/AppDev/mine_flow/Code/mine-flow-app/test/features/tracking/presentation/record_card_overflow_test.dart: CutFillCard does not overflow on tablet (R-2)
00:38 +151: D:/AppDev/mine_flow/Code/mine-flow-app/test/features/tracking/presentation/record_card_overflow_test.dart: LandClearingCard does not overflow on tablet (R-2)
00:38 +152: D:/AppDev/mine_flow/Code/mine-flow-app/test/features/tracking/presentation/record_card_overflow_test.dart: DailyLogCard does not overflow on tablet (R-2)
00:39 +153: D:/AppDev/mine_flow/Code/mine-flow-app/test/features/tracking/presentation/record_card_overflow_test.dart: cards keep their delete affordance visible when onDelete is provided (R-2)
00:39 +154: D:/AppDev/mine_flow/Code/mine-flow-app/test/features/tracking/presentation/record_card_overflow_test.dart: (tearDownAll)
00:41 +154: D:/AppDev/mine_flow/Code/mine-flow-app/test/app/router_test.dart: Router branch navigation starts on Dashboard branch (index 0)
00:42 +155: D:/AppDev/mine_flow/Code/mine-flow-app/test/app/router_test.dart: Router branch navigation navigates to Tools branch and maintains state
00:43 +156: D:/AppDev/mine_flow/Code/mine-flow-app/test/app/router_test.dart: Router branch navigation navigates to Operations branch (index 2)
00:43 +157: D:/AppDev/mine_flow/Code/mine-flow-app/test/app/router_test.dart: Router branch navigation navigates to Teams branch (index 3)
00:43 +158: D:/AppDev/mine_flow/Code/mine-flow-app/test/app/router_test.dart: Router branch navigation navigates to Settings branch (index 4)
00:43 +159: D:/AppDev/mine_flow/Code/mine-flow-app/test/app/router_test.dart: Router branch navigation stateful branches maintain index after navigation round-trip
00:43 +160: D:/AppDev/mine_flow/Code/mine-flow-app/test/app/router_test.dart: Cut & Fill route paths AppRoutes defines canonical Cut & Fill paths
00:43 +161: D:/AppDev/mine_flow/Code/mine-flow-app/test/app/router_test.dart: Cut & Fill route paths cold create route navigates to cut-fill create and parses query parameters
00:43 +162: D:/AppDev/mine_flow/Code/mine-flow-app/test/app/router_test.dart: Cut & Fill route paths cold edit route navigates to cut-fill edit and parses recordId parameter without extra
00:43 +163: D:/AppDev/mine_flow/Code/mine-flow-app/test/app/router_test.dart: Equipment Check route paths AppRoutes defines canonical Equipment Check paths
00:43 +164: D:/AppDev/mine_flow/Code/mine-flow-app/test/app/router_test.dart: Equipment Check route paths cold create route navigates to equipment-check create and parses query parameters
00:43 +165: D:/AppDev/mine_flow/Code/mine-flow-app/test/app/router_test.dart: Equipment Check route paths cold detail route navigates to equipment-check detail and parses id parameter without extra
00:43 +166: D:/AppDev/mine_flow/Code/mine-flow-app/test/app/router_test.dart: Benchmark route paths AppRoutes defines canonical Benchmark paths
00:43 +167: D:/AppDev/mine_flow/Code/mine-flow-app/test/app/router_test.dart: Benchmark route paths cold create route navigates to benchmark form and parses no params
00:43 +168: D:/AppDev/mine_flow/Code/mine-flow-app/test/app/router_test.dart: Benchmark route paths cold detail route navigates to benchmark detail and resolves id from path without extra
00:43 +169: D:/AppDev/mine_flow/Code/mine-flow-app/test/app/router_test.dart: Benchmark route paths cold edit route navigates to benchmark edit and resolves id from path without extra
00:44 +170: D:/AppDev/mine_flow/Code/mine-flow-app/test/app/router_test.dart: Benchmark route paths push transition from benchmark inspector to edit form mounts edit view
00:45 +171: D:/AppDev/mine_flow/Code/mine-flow-app/test/features/tracking/presentation/land_clearing_entry_screen_deep_link_test.dart: LandClearingEntryScreen Deep Link & Cold Start cold edit loads record by ID and populates fields
00:47 +172: D:/AppDev/mine_flow/Code/mine-flow-app/test/features/tracking/presentation/land_clearing_entry_screen_deep_link_test.dart: LandClearingEntryScreen Deep Link & Cold Start cold edit loads record by ID and populates fields
00:47 +173: D:/AppDev/mine_flow/Code/mine-flow-app/test/features/tracking/presentation/land_clearing_entry_screen_deep_link_test.dart: LandClearingEntryScreen Deep Link & Cold Start cold edit loads record by ID and populates fields
00:47 +174: D:/AppDev/mine_flow/Code/mine-flow-app/test/features/tracking/presentation/land_clearing_entry_screen_deep_link_test.dart: LandClearingEntryScreen Deep Link & Cold Start cold edit loads record by ID and populates fields
00:47 +175: D:/AppDev/mine_flow/Code/mine-flow-app/test/features/tracking/presentation/land_clearing_entry_screen_deep_link_test.dart: LandClearingEntryScreen Deep Link & Cold Start cold edit loads record by ID and populates fields
00:47 +176: D:/AppDev/mine_flow/Code/mine-flow-app/test/features/tracking/presentation/land_clearing_entry_screen_deep_link_test.dart: LandClearingEntryScreen Deep Link & Cold Start cold edit loads record by ID and populates fields
00:48 +177: D:/AppDev/mine_flow/Code/mine-flow-app/test/features/tracking/presentation/land_clearing_entry_screen_deep_link_test.dart: LandClearingEntryScreen Deep Link & Cold Start cold edit loads record by ID and populates fields
00:48 +178: D:/AppDev/mine_flow/Code/mine-flow-app/test/features/tracking/presentation/land_clearing_entry_screen_deep_link_test.dart: LandClearingEntryScreen Deep Link & Cold Start cold edit loads record by ID and populates fields
00:48 +179: D:/AppDev/mine_flow/Code/mine-flow-app/test/features/tracking/presentation/land_clearing_entry_screen_deep_link_test.dart: LandClearingEntryScreen Deep Link & Cold Start cold edit loads record by ID and populates fields
00:50 +180: D:/AppDev/mine_flow/Code/mine-flow-app/test/features/tracking/presentation/land_clearing_entry_screen_deep_link_test.dart: LandClearingEntryScreen Deep Link & Cold Start cold edit with invalid recordId shows recoverable AppStatePanel
00:50 +181: D:/AppDev/mine_flow/Code/mine-flow-app/test/features/tracking/presentation/land_clearing_entry_screen_deep_link_test.dart: LandClearingEntryScreen Deep Link & Cold Start cold edit with not-found recordId shows recoverable AppStatePanel
00:50 +182: D:/AppDev/mine_flow/Code/mine-flow-app/test/features/tracking/presentation/land_clearing_entry_screen_deep_link_test.dart: LandClearingInspectorScreen Deep Link & Summary Hierarchy inspector displays record details hierarchy and actions
00:50 +183: D:/AppDev/mine_flow/Code/mine-flow-app/test/features/tracking/presentation/land_clearing_entry_screen_deep_link_test.dart: LandClearingInspectorScreen Deep Link & Summary Hierarchy inspector cold start with invalid ID renders AppStatePanel
00:50 +184: D:/AppDev/mine_flow/Code/mine-flow-app/test/features/tracking/presentation/land_clearing_entry_screen_deep_link_test.dart: LandClearingInspectorScreen Deep Link & Summary Hierarchy inspector cold start with not-found ID renders AppStatePanel
00:50 +185: All tests passed!
