MINE_FLOW_E2E_FILE integration_test/app_boots_test.dart
Resolving dependencies...
Downloading packages...
  _fe_analyzer_shared 103.0.0 (108.0.0 available)
  analyzer 13.3.0 (14.4.0 available)
  android_file_picker 1.1.1 (2.0.0 available)
  archive 4.0.9 (4.3.0 available)
  battery_plus 7.1.1 (7.1.2 available)
  build 4.0.10 (4.0.11 available)
  build_config 1.3.2 (1.3.3 available)
  build_daemon 4.1.5 (4.1.6 available)
  built_collection 5.1.1 (5.1.2 available)
  built_value 8.12.7 (8.13.0 available)
  clock 1.1.2 (1.1.3 available)
  code_assets 2.0.0 (2.1.0 available)
  connectivity_plus 7.3.1 (7.3.2 available)
  cross_file 0.3.5+5 (0.4.0 available)
  cupertino_ui 1.0.1 (1.1.1 available)
  dbus 0.7.15 (0.8.0 available)
  equatable 2.1.0 (3.0.0 available)
  file_picker 12.2.0 (13.1.0 available)
  file_picker_darwin 1.1.0 (2.1.2 available)
  file_picker_linux 1.1.0 (2.0.1 available)
  file_picker_platform_interface 3.3.0 (4.0.0 available)
  file_picker_web 3.1.0 (4.0.0 available)
  flutter_secure_storage 11.1.0 (11.2.0 available)
  flutter_secure_storage_darwin 0.4.0 (0.4.3 available)
  flutter_secure_storage_linux 3.0.2 (3.0.3 available)
  flutter_secure_storage_platform_interface 2.1.0 (2.1.1 available)
  forui 0.26.0 (0.27.3 available)
  forui_lucide 0.26.1 (0.27.0 available)
  glob 2.1.3 (2.2.0 available)
  go_router 18.0.1 (18.0.2 available)
  googleapis_auth 2.3.3 (2.3.4 available)
  hive_ce 2.19.3 (2.20.1 available)
  hive_ce_flutter 2.3.4 (2.4.0 available)
  image 4.9.2 (4.10.1 available)
  image_picker_android 0.8.13+21 (0.8.13+23 available)
  image_picker_ios 0.8.13+7 (0.8.13+9 available)
  io 1.0.5 (1.1.0 available)
  jni 1.0.3 (1.1.0 available)
  jni_flutter 1.0.2 (1.0.3 available)
  lucide_icons_flutter 3.1.19 (3.1.21 available)
  material_color_utilities 0.13.0 (0.13.1 available)
  material_ui 1.1.0 (1.5.0 available)
  mime 2.0.0 (2.1.0 available)
  nm 0.5.0 (0.6.0 available)
  objective_c 9.6.0 (9.6.2 available)
  package_config 2.2.0 (3.0.0 available)
  package_info_plus 10.2.1 (10.2.2 available)
  passkeys_platform_interface 2.9.0 (2.10.0 available)
  pdf 3.13.0 (3.13.1 available)
  petitparser 7.0.2 (7.1.0 available)
  platform 3.1.6 (3.2.0 available)
  pool 1.5.2 (1.5.3 available)
  printing 5.15.0 (5.15.1 available)
  process 5.0.5 (5.0.6 available)
  pub_semver 2.2.0 (2.2.1 available)
  pubspec_parse 1.5.0 (1.6.0 available)
  qr 3.0.2 (4.0.0 available)
  stack_trace 1.12.1 (1.12.2 available)
  storage_client 2.8.0 (2.8.1 available)
  stream_transform 2.1.1 (2.1.2 available)
  supabase 2.16.1 (2.16.2 available)
  supabase_flutter 2.17.2 (2.18.0 available)
  test 1.31.1 (1.32.0 available)
  test_api 0.7.12 (0.7.14 available)
  test_core 0.6.18 (0.6.20 available)
  vector_math 2.4.2 (2.4.3 available)
  webdriver 3.1.0 (3.2.0 available)
  windows_file_picker 1.2.0 (2.0.0 available)
  xml 7.0.1 (7.1.0 available)
  yaml 3.1.3 (3.1.4 available)
Got dependencies!
70 packages have newer versions incompatible with dependency constraints.
Try `flutter pub outdated` for more information.
Launching run_web_wrapper.dart on Web Server in debug mode...
Waiting for connection from debug service on Web Server...         71.2s
run_web_wrapper.dart is being served at http://localhost:34861
The web-server device requires the Dart Debug Chrome extension for debugging. Consider using the Chrome or Edge devices for an improved development workflow.
Debug service listening on ws://127.0.0.1:37451/LBk_syB4myE=/ws
A Dart VM Service on Web Server is available at: http://127.0.0.1:37451/LBk_syB4myE=
The Flutter DevTools debugger and profiler on Web Server is available at: http://127.0.0.1:37451/LBk_syB4myE=/devtools/?uri=ws://127.0.0.1:37451/LBk_syB4myE=/ws
result {"result":"true","failureDetails":[],"data":{"e2e_executed":["app_boots"]}}
All tests passed.
Application finished.
MINE_FLOW_E2E_FILE integration_test/journeys/attendance_journey_test.dart
Resolving dependencies...
Downloading packages...
  _fe_analyzer_shared 103.0.0 (108.0.0 available)
  analyzer 13.3.0 (14.4.0 available)
  android_file_picker 1.1.1 (2.0.0 available)
  archive 4.0.9 (4.3.0 available)
  battery_plus 7.1.1 (7.1.2 available)
  build 4.0.10 (4.0.11 available)
  build_config 1.3.2 (1.3.3 available)
  build_daemon 4.1.5 (4.1.6 available)
  built_collection 5.1.1 (5.1.2 available)
  built_value 8.12.7 (8.13.0 available)
  clock 1.1.2 (1.1.3 available)
  code_assets 2.0.0 (2.1.0 available)
  connectivity_plus 7.3.1 (7.3.2 available)
  cross_file 0.3.5+5 (0.4.0 available)
  cupertino_ui 1.0.1 (1.1.1 available)
  dbus 0.7.15 (0.8.0 available)
  equatable 2.1.0 (3.0.0 available)
  file_picker 12.2.0 (13.1.0 available)
  file_picker_darwin 1.1.0 (2.1.2 available)
  file_picker_linux 1.1.0 (2.0.1 available)
  file_picker_platform_interface 3.3.0 (4.0.0 available)
  file_picker_web 3.1.0 (4.0.0 available)
  flutter_secure_storage 11.1.0 (11.2.0 available)
  flutter_secure_storage_darwin 0.4.0 (0.4.3 available)
  flutter_secure_storage_linux 3.0.2 (3.0.3 available)
  flutter_secure_storage_platform_interface 2.1.0 (2.1.1 available)
  forui 0.26.0 (0.27.3 available)
  forui_lucide 0.26.1 (0.27.0 available)
  glob 2.1.3 (2.2.0 available)
  go_router 18.0.1 (18.0.2 available)
  googleapis_auth 2.3.3 (2.3.4 available)
  hive_ce 2.19.3 (2.20.1 available)
  hive_ce_flutter 2.3.4 (2.4.0 available)
  image 4.9.2 (4.10.1 available)
  image_picker_android 0.8.13+21 (0.8.13+23 available)
  image_picker_ios 0.8.13+7 (0.8.13+9 available)
  io 1.0.5 (1.1.0 available)
  jni 1.0.3 (1.1.0 available)
  jni_flutter 1.0.2 (1.0.3 available)
  lucide_icons_flutter 3.1.19 (3.1.21 available)
  material_color_utilities 0.13.0 (0.13.1 available)
  material_ui 1.1.0 (1.5.0 available)
  mime 2.0.0 (2.1.0 available)
  nm 0.5.0 (0.6.0 available)
  objective_c 9.6.0 (9.6.2 available)
  package_config 2.2.0 (3.0.0 available)
  package_info_plus 10.2.1 (10.2.2 available)
  passkeys_platform_interface 2.9.0 (2.10.0 available)
  pdf 3.13.0 (3.13.1 available)
  petitparser 7.0.2 (7.1.0 available)
  platform 3.1.6 (3.2.0 available)
  pool 1.5.2 (1.5.3 available)
  printing 5.15.0 (5.15.1 available)
  process 5.0.5 (5.0.6 available)
  pub_semver 2.2.0 (2.2.1 available)
  pubspec_parse 1.5.0 (1.6.0 available)
  qr 3.0.2 (4.0.0 available)
  stack_trace 1.12.1 (1.12.2 available)
  storage_client 2.8.0 (2.8.1 available)
  stream_transform 2.1.1 (2.1.2 available)
  supabase 2.16.1 (2.16.2 available)
  supabase_flutter 2.17.2 (2.18.0 available)
  test 1.31.1 (1.32.0 available)
  test_api 0.7.12 (0.7.14 available)
  test_core 0.6.18 (0.6.20 available)
  vector_math 2.4.2 (2.4.3 available)
  webdriver 3.1.0 (3.2.0 available)
  windows_file_picker 1.2.0 (2.0.0 available)
  xml 7.0.1 (7.1.0 available)
  yaml 3.1.3 (3.1.4 available)
Got dependencies!
70 packages have newer versions incompatible with dependency constraints.
Try `flutter pub outdated` for more information.
Launching run_web_wrapper.dart on Web Server in debug mode...
Waiting for connection from debug service on Web Server...         72.0s
run_web_wrapper.dart is being served at http://localhost:42449
The web-server device requires the Dart Debug Chrome extension for debugging. Consider using the Chrome or Edge devices for an improved development workflow.
Debug service listening on ws://127.0.0.1:44819/RO57nqSRQD8=/ws
A Dart VM Service on Web Server is available at: http://127.0.0.1:44819/RO57nqSRQD8=
The Flutter DevTools debugger and profiler on Web Server is available at: http://127.0.0.1:44819/RO57nqSRQD8=/devtools/?uri=ws://127.0.0.1:44819/RO57nqSRQD8=/ws
result {"result":"true","failureDetails":[],"data":{"e2e_executed":["attendance_journey_test"]}}
All tests passed.
Application finished.
MINE_FLOW_E2E_FILE integration_test/journeys/auth_journey_test.dart
Resolving dependencies...
Downloading packages...
  _fe_analyzer_shared 103.0.0 (108.0.0 available)
  analyzer 13.3.0 (14.4.0 available)
  android_file_picker 1.1.1 (2.0.0 available)
  archive 4.0.9 (4.3.0 available)
  battery_plus 7.1.1 (7.1.2 available)
  build 4.0.10 (4.0.11 available)
  build_config 1.3.2 (1.3.3 available)
  build_daemon 4.1.5 (4.1.6 available)
  built_collection 5.1.1 (5.1.2 available)
  built_value 8.12.7 (8.13.0 available)
  clock 1.1.2 (1.1.3 available)
  code_assets 2.0.0 (2.1.0 available)
  connectivity_plus 7.3.1 (7.3.2 available)
  cross_file 0.3.5+5 (0.4.0 available)
  cupertino_ui 1.0.1 (1.1.1 available)
  dbus 0.7.15 (0.8.0 available)
  equatable 2.1.0 (3.0.0 available)
  file_picker 12.2.0 (13.1.0 available)
  file_picker_darwin 1.1.0 (2.1.2 available)
  file_picker_linux 1.1.0 (2.0.1 available)
  file_picker_platform_interface 3.3.0 (4.0.0 available)
  file_picker_web 3.1.0 (4.0.0 available)
  flutter_secure_storage 11.1.0 (11.2.0 available)
  flutter_secure_storage_darwin 0.4.0 (0.4.3 available)
  flutter_secure_storage_linux 3.0.2 (3.0.3 available)
  flutter_secure_storage_platform_interface 2.1.0 (2.1.1 available)
  forui 0.26.0 (0.27.3 available)
  forui_lucide 0.26.1 (0.27.0 available)
  glob 2.1.3 (2.2.0 available)
  go_router 18.0.1 (18.0.2 available)
  googleapis_auth 2.3.3 (2.3.4 available)
  hive_ce 2.19.3 (2.20.1 available)
  hive_ce_flutter 2.3.4 (2.4.0 available)
  image 4.9.2 (4.10.1 available)
  image_picker_android 0.8.13+21 (0.8.13+23 available)
  image_picker_ios 0.8.13+7 (0.8.13+9 available)
  io 1.0.5 (1.1.0 available)
  jni 1.0.3 (1.1.0 available)
  jni_flutter 1.0.2 (1.0.3 available)
  lucide_icons_flutter 3.1.19 (3.1.21 available)
  material_color_utilities 0.13.0 (0.13.1 available)
  material_ui 1.1.0 (1.5.0 available)
  mime 2.0.0 (2.1.0 available)
  nm 0.5.0 (0.6.0 available)
  objective_c 9.6.0 (9.6.2 available)
  package_config 2.2.0 (3.0.0 available)
  package_info_plus 10.2.1 (10.2.2 available)
  passkeys_platform_interface 2.9.0 (2.10.0 available)
  pdf 3.13.0 (3.13.1 available)
  petitparser 7.0.2 (7.1.0 available)
  platform 3.1.6 (3.2.0 available)
  pool 1.5.2 (1.5.3 available)
  printing 5.15.0 (5.15.1 available)
  process 5.0.5 (5.0.6 available)
  pub_semver 2.2.0 (2.2.1 available)
  pubspec_parse 1.5.0 (1.6.0 available)
  qr 3.0.2 (4.0.0 available)
  stack_trace 1.12.1 (1.12.2 available)
  storage_client 2.8.0 (2.8.1 available)
  stream_transform 2.1.1 (2.1.2 available)
  supabase 2.16.1 (2.16.2 available)
  supabase_flutter 2.17.2 (2.18.0 available)
  test 1.31.1 (1.32.0 available)
  test_api 0.7.12 (0.7.14 available)
  test_core 0.6.18 (0.6.20 available)
  vector_math 2.4.2 (2.4.3 available)
  webdriver 3.1.0 (3.2.0 available)
  windows_file_picker 1.2.0 (2.0.0 available)
  xml 7.0.1 (7.1.0 available)
  yaml 3.1.3 (3.1.4 available)
Got dependencies!
70 packages have newer versions incompatible with dependency constraints.
Try `flutter pub outdated` for more information.
Launching run_web_wrapper.dart on Web Server in debug mode...
Waiting for connection from debug service on Web Server...         71.8s
run_web_wrapper.dart is being served at http://localhost:41833
The web-server device requires the Dart Debug Chrome extension for debugging. Consider using the Chrome or Edge devices for an improved development workflow.
Debug service listening on ws://127.0.0.1:42011/adMCWUExcUM=/ws
A Dart VM Service on Web Server is available at: http://127.0.0.1:42011/adMCWUExcUM=
The Flutter DevTools debugger and profiler on Web Server is available at: http://127.0.0.1:42011/adMCWUExcUM=/devtools/?uri=ws://127.0.0.1:42011/adMCWUExcUM=/ws
result {"result":"true","failureDetails":[],"data":{"e2e_executed":["auth_journey_test"]}}
All tests passed.
Application finished.
MINE_FLOW_E2E_FILE integration_test/journeys/benchmark_journey_test.dart
Resolving dependencies...
Downloading packages...
  _fe_analyzer_shared 103.0.0 (108.0.0 available)
  analyzer 13.3.0 (14.4.0 available)
  android_file_picker 1.1.1 (2.0.0 available)
  archive 4.0.9 (4.3.0 available)
  battery_plus 7.1.1 (7.1.2 available)
  build 4.0.10 (4.0.11 available)
  build_config 1.3.2 (1.3.3 available)
  build_daemon 4.1.5 (4.1.6 available)
  built_collection 5.1.1 (5.1.2 available)
  built_value 8.12.7 (8.13.0 available)
  clock 1.1.2 (1.1.3 available)
  code_assets 2.0.0 (2.1.0 available)
  connectivity_plus 7.3.1 (7.3.2 available)
  cross_file 0.3.5+5 (0.4.0 available)
  cupertino_ui 1.0.1 (1.1.1 available)
  dbus 0.7.15 (0.8.0 available)
  equatable 2.1.0 (3.0.0 available)
  file_picker 12.2.0 (13.1.0 available)
  file_picker_darwin 1.1.0 (2.1.2 available)
  file_picker_linux 1.1.0 (2.0.1 available)
  file_picker_platform_interface 3.3.0 (4.0.0 available)
  file_picker_web 3.1.0 (4.0.0 available)
  flutter_secure_storage 11.1.0 (11.2.0 available)
  flutter_secure_storage_darwin 0.4.0 (0.4.3 available)
  flutter_secure_storage_linux 3.0.2 (3.0.3 available)
  flutter_secure_storage_platform_interface 2.1.0 (2.1.1 available)
  forui 0.26.0 (0.27.3 available)
  forui_lucide 0.26.1 (0.27.0 available)
  glob 2.1.3 (2.2.0 available)
  go_router 18.0.1 (18.0.2 available)
  googleapis_auth 2.3.3 (2.3.4 available)
  hive_ce 2.19.3 (2.20.1 available)
  hive_ce_flutter 2.3.4 (2.4.0 available)
  image 4.9.2 (4.10.1 available)
  image_picker_android 0.8.13+21 (0.8.13+23 available)
  image_picker_ios 0.8.13+7 (0.8.13+9 available)
  io 1.0.5 (1.1.0 available)
  jni 1.0.3 (1.1.0 available)
  jni_flutter 1.0.2 (1.0.3 available)
  lucide_icons_flutter 3.1.19 (3.1.21 available)
  material_color_utilities 0.13.0 (0.13.1 available)
  material_ui 1.1.0 (1.5.0 available)
  mime 2.0.0 (2.1.0 available)
  nm 0.5.0 (0.6.0 available)
  objective_c 9.6.0 (9.6.2 available)
  package_config 2.2.0 (3.0.0 available)
  package_info_plus 10.2.1 (10.2.2 available)
  passkeys_platform_interface 2.9.0 (2.10.0 available)
  pdf 3.13.0 (3.13.1 available)
  petitparser 7.0.2 (7.1.0 available)
  platform 3.1.6 (3.2.0 available)
  pool 1.5.2 (1.5.3 available)
  printing 5.15.0 (5.15.1 available)
  process 5.0.5 (5.0.6 available)
  pub_semver 2.2.0 (2.2.1 available)
  pubspec_parse 1.5.0 (1.6.0 available)
  qr 3.0.2 (4.0.0 available)
  stack_trace 1.12.1 (1.12.2 available)
  storage_client 2.8.0 (2.8.1 available)
  stream_transform 2.1.1 (2.1.2 available)
  supabase 2.16.1 (2.16.2 available)
  supabase_flutter 2.17.2 (2.18.0 available)
  test 1.31.1 (1.32.0 available)
  test_api 0.7.12 (0.7.14 available)
  test_core 0.6.18 (0.6.20 available)
  vector_math 2.4.2 (2.4.3 available)
  webdriver 3.1.0 (3.2.0 available)
  windows_file_picker 1.2.0 (2.0.0 available)
  xml 7.0.1 (7.1.0 available)
  yaml 3.1.3 (3.1.4 available)
Got dependencies!
70 packages have newer versions incompatible with dependency constraints.
Try `flutter pub outdated` for more information.
Launching run_web_wrapper.dart on Web Server in debug mode...
Waiting for connection from debug service on Web Server...         71.4s
run_web_wrapper.dart is being served at http://localhost:44381
The web-server device requires the Dart Debug Chrome extension for debugging. Consider using the Chrome or Edge devices for an improved development workflow.
Debug service listening on ws://127.0.0.1:35923/5rfxxR4NraY=/ws
A Dart VM Service on Web Server is available at: http://127.0.0.1:35923/5rfxxR4NraY=
The Flutter DevTools debugger and profiler on Web Server is available at: http://127.0.0.1:35923/5rfxxR4NraY=/devtools/?uri=ws://127.0.0.1:35923/5rfxxR4NraY=/ws
result {"result":"true","failureDetails":[],"data":{"e2e_executed":["benchmark_journey_test"]}}
All tests passed.
Application finished.
MINE_FLOW_E2E_FILE integration_test/journeys/cut_fill_journey_test.dart
Resolving dependencies...
Downloading packages...
  _fe_analyzer_shared 103.0.0 (108.0.0 available)
  analyzer 13.3.0 (14.4.0 available)
  android_file_picker 1.1.1 (2.0.0 available)
  archive 4.0.9 (4.3.0 available)
  battery_plus 7.1.1 (7.1.2 available)
  build 4.0.10 (4.0.11 available)
  build_config 1.3.2 (1.3.3 available)
  build_daemon 4.1.5 (4.1.6 available)
  built_collection 5.1.1 (5.1.2 available)
  built_value 8.12.7 (8.13.0 available)
  clock 1.1.2 (1.1.3 available)
  code_assets 2.0.0 (2.1.0 available)
  connectivity_plus 7.3.1 (7.3.2 available)
  cross_file 0.3.5+5 (0.4.0 available)
  cupertino_ui 1.0.1 (1.1.1 available)
  dbus 0.7.15 (0.8.0 available)
  equatable 2.1.0 (3.0.0 available)
  file_picker 12.2.0 (13.1.0 available)
  file_picker_darwin 1.1.0 (2.1.2 available)
  file_picker_linux 1.1.0 (2.0.1 available)
  file_picker_platform_interface 3.3.0 (4.0.0 available)
  file_picker_web 3.1.0 (4.0.0 available)
  flutter_secure_storage 11.1.0 (11.2.0 available)
  flutter_secure_storage_darwin 0.4.0 (0.4.3 available)
  flutter_secure_storage_linux 3.0.2 (3.0.3 available)
  flutter_secure_storage_platform_interface 2.1.0 (2.1.1 available)
  forui 0.26.0 (0.27.3 available)
  forui_lucide 0.26.1 (0.27.0 available)
  glob 2.1.3 (2.2.0 available)
  go_router 18.0.1 (18.0.2 available)
  googleapis_auth 2.3.3 (2.3.4 available)
  hive_ce 2.19.3 (2.20.1 available)
  hive_ce_flutter 2.3.4 (2.4.0 available)
  image 4.9.2 (4.10.1 available)
  image_picker_android 0.8.13+21 (0.8.13+23 available)
  image_picker_ios 0.8.13+7 (0.8.13+9 available)
  io 1.0.5 (1.1.0 available)
  jni 1.0.3 (1.1.0 available)
  jni_flutter 1.0.2 (1.0.3 available)
  lucide_icons_flutter 3.1.19 (3.1.21 available)
  material_color_utilities 0.13.0 (0.13.1 available)
  material_ui 1.1.0 (1.5.0 available)
  mime 2.0.0 (2.1.0 available)
  nm 0.5.0 (0.6.0 available)
  objective_c 9.6.0 (9.6.2 available)
  package_config 2.2.0 (3.0.0 available)
  package_info_plus 10.2.1 (10.2.2 available)
  passkeys_platform_interface 2.9.0 (2.10.0 available)
  pdf 3.13.0 (3.13.1 available)
  petitparser 7.0.2 (7.1.0 available)
  platform 3.1.6 (3.2.0 available)
  pool 1.5.2 (1.5.3 available)
  printing 5.15.0 (5.15.1 available)
  process 5.0.5 (5.0.6 available)
  pub_semver 2.2.0 (2.2.1 available)
  pubspec_parse 1.5.0 (1.6.0 available)
  qr 3.0.2 (4.0.0 available)
  stack_trace 1.12.1 (1.12.2 available)
  storage_client 2.8.0 (2.8.1 available)
  stream_transform 2.1.1 (2.1.2 available)
  supabase 2.16.1 (2.16.2 available)
  supabase_flutter 2.17.2 (2.18.0 available)
  test 1.31.1 (1.32.0 available)
  test_api 0.7.12 (0.7.14 available)
  test_core 0.6.18 (0.6.20 available)
  vector_math 2.4.2 (2.4.3 available)
  webdriver 3.1.0 (3.2.0 available)
  windows_file_picker 1.2.0 (2.0.0 available)
  xml 7.0.1 (7.1.0 available)
  yaml 3.1.3 (3.1.4 available)
Got dependencies!
70 packages have newer versions incompatible with dependency constraints.
Try `flutter pub outdated` for more information.
Launching run_web_wrapper.dart on Web Server in debug mode...
Waiting for connection from debug service on Web Server...         70.8s
run_web_wrapper.dart is being served at http://localhost:45609
The web-server device requires the Dart Debug Chrome extension for debugging. Consider using the Chrome or Edge devices for an improved development workflow.
Debug service listening on ws://127.0.0.1:44453/-Zk1LS4M_cU=/ws
A Dart VM Service on Web Server is available at: http://127.0.0.1:44453/-Zk1LS4M_cU=
The Flutter DevTools debugger and profiler on Web Server is available at: http://127.0.0.1:44453/-Zk1LS4M_cU=/devtools/?uri=ws://127.0.0.1:44453/-Zk1LS4M_cU=/ws
result {"result":"true","failureDetails":[],"data":{"e2e_executed":["cut_fill_journey_test"]}}
All tests passed.
Application finished.
MINE_FLOW_E2E_FILE integration_test/journeys/daily_log_journey_test.dart
Resolving dependencies...
Downloading packages...
  _fe_analyzer_shared 103.0.0 (108.0.0 available)
  analyzer 13.3.0 (14.4.0 available)
  android_file_picker 1.1.1 (2.0.0 available)
  archive 4.0.9 (4.3.0 available)
  battery_plus 7.1.1 (7.1.2 available)
  build 4.0.10 (4.0.11 available)
  build_config 1.3.2 (1.3.3 available)
  build_daemon 4.1.5 (4.1.6 available)
  built_collection 5.1.1 (5.1.2 available)
  built_value 8.12.7 (8.13.0 available)
  clock 1.1.2 (1.1.3 available)
  code_assets 2.0.0 (2.1.0 available)
  connectivity_plus 7.3.1 (7.3.2 available)
  cross_file 0.3.5+5 (0.4.0 available)
  cupertino_ui 1.0.1 (1.1.1 available)
  dbus 0.7.15 (0.8.0 available)
  equatable 2.1.0 (3.0.0 available)
  file_picker 12.2.0 (13.1.0 available)
  file_picker_darwin 1.1.0 (2.1.2 available)
  file_picker_linux 1.1.0 (2.0.1 available)
  file_picker_platform_interface 3.3.0 (4.0.0 available)
  file_picker_web 3.1.0 (4.0.0 available)
  flutter_secure_storage 11.1.0 (11.2.0 available)
  flutter_secure_storage_darwin 0.4.0 (0.4.3 available)
  flutter_secure_storage_linux 3.0.2 (3.0.3 available)
  flutter_secure_storage_platform_interface 2.1.0 (2.1.1 available)
  forui 0.26.0 (0.27.3 available)
  forui_lucide 0.26.1 (0.27.0 available)
  glob 2.1.3 (2.2.0 available)
  go_router 18.0.1 (18.0.2 available)
  googleapis_auth 2.3.3 (2.3.4 available)
  hive_ce 2.19.3 (2.20.1 available)
  hive_ce_flutter 2.3.4 (2.4.0 available)
  image 4.9.2 (4.10.1 available)
  image_picker_android 0.8.13+21 (0.8.13+23 available)
  image_picker_ios 0.8.13+7 (0.8.13+9 available)
  io 1.0.5 (1.1.0 available)
  jni 1.0.3 (1.1.0 available)
  jni_flutter 1.0.2 (1.0.3 available)
  lucide_icons_flutter 3.1.19 (3.1.21 available)
  material_color_utilities 0.13.0 (0.13.1 available)
  material_ui 1.1.0 (1.5.0 available)
  mime 2.0.0 (2.1.0 available)
  nm 0.5.0 (0.6.0 available)
  objective_c 9.6.0 (9.6.2 available)
  package_config 2.2.0 (3.0.0 available)
  package_info_plus 10.2.1 (10.2.2 available)
  passkeys_platform_interface 2.9.0 (2.10.0 available)
  pdf 3.13.0 (3.13.1 available)
  petitparser 7.0.2 (7.1.0 available)
  platform 3.1.6 (3.2.0 available)
  pool 1.5.2 (1.5.3 available)
  printing 5.15.0 (5.15.1 available)
  process 5.0.5 (5.0.6 available)
  pub_semver 2.2.0 (2.2.1 available)
  pubspec_parse 1.5.0 (1.6.0 available)
  qr 3.0.2 (4.0.0 available)
  stack_trace 1.12.1 (1.12.2 available)
  storage_client 2.8.0 (2.8.1 available)
  stream_transform 2.1.1 (2.1.2 available)
  supabase 2.16.1 (2.16.2 available)
  supabase_flutter 2.17.2 (2.18.0 available)
  test 1.31.1 (1.32.0 available)
  test_api 0.7.12 (0.7.14 available)
  test_core 0.6.18 (0.6.20 available)
  vector_math 2.4.2 (2.4.3 available)
  webdriver 3.1.0 (3.2.0 available)
  windows_file_picker 1.2.0 (2.0.0 available)
  xml 7.0.1 (7.1.0 available)
  yaml 3.1.3 (3.1.4 available)
Got dependencies!
70 packages have newer versions incompatible with dependency constraints.
Try `flutter pub outdated` for more information.
Launching run_web_wrapper.dart on Web Server in debug mode...
Waiting for connection from debug service on Web Server...         70.8s
run_web_wrapper.dart is being served at http://localhost:35889
The web-server device requires the Dart Debug Chrome extension for debugging. Consider using the Chrome or Edge devices for an improved development workflow.
Debug service listening on ws://127.0.0.1:42351/Tcyx10j4biY=/ws
A Dart VM Service on Web Server is available at: http://127.0.0.1:42351/Tcyx10j4biY=
The Flutter DevTools debugger and profiler on Web Server is available at: http://127.0.0.1:42351/Tcyx10j4biY=/devtools/?uri=ws://127.0.0.1:42351/Tcyx10j4biY=/ws
result {"result":"true","failureDetails":[],"data":{"e2e_executed":["daily_log_journey_test"]}}
All tests passed.
Application finished.
MINE_FLOW_E2E_FILE integration_test/journeys/data_bucket_journey_test.dart
Resolving dependencies...
Downloading packages...
  _fe_analyzer_shared 103.0.0 (108.0.0 available)
  analyzer 13.3.0 (14.4.0 available)
  android_file_picker 1.1.1 (2.0.0 available)
  archive 4.0.9 (4.3.0 available)
  battery_plus 7.1.1 (7.1.2 available)
  build 4.0.10 (4.0.11 available)
  build_config 1.3.2 (1.3.3 available)
  build_daemon 4.1.5 (4.1.6 available)
  built_collection 5.1.1 (5.1.2 available)
  built_value 8.12.7 (8.13.0 available)
  clock 1.1.2 (1.1.3 available)
  code_assets 2.0.0 (2.1.0 available)
  connectivity_plus 7.3.1 (7.3.2 available)
  cross_file 0.3.5+5 (0.4.0 available)
  cupertino_ui 1.0.1 (1.1.1 available)
  dbus 0.7.15 (0.8.0 available)
  equatable 2.1.0 (3.0.0 available)
  file_picker 12.2.0 (13.1.0 available)
  file_picker_darwin 1.1.0 (2.1.2 available)
  file_picker_linux 1.1.0 (2.0.1 available)
  file_picker_platform_interface 3.3.0 (4.0.0 available)
  file_picker_web 3.1.0 (4.0.0 available)
  flutter_secure_storage 11.1.0 (11.2.0 available)
  flutter_secure_storage_darwin 0.4.0 (0.4.3 available)
  flutter_secure_storage_linux 3.0.2 (3.0.3 available)
  flutter_secure_storage_platform_interface 2.1.0 (2.1.1 available)
  forui 0.26.0 (0.27.3 available)
  forui_lucide 0.26.1 (0.27.0 available)
  glob 2.1.3 (2.2.0 available)
  go_router 18.0.1 (18.0.2 available)
  googleapis_auth 2.3.3 (2.3.4 available)
  hive_ce 2.19.3 (2.20.1 available)
  hive_ce_flutter 2.3.4 (2.4.0 available)
  image 4.9.2 (4.10.1 available)
  image_picker_android 0.8.13+21 (0.8.13+23 available)
  image_picker_ios 0.8.13+7 (0.8.13+9 available)
  io 1.0.5 (1.1.0 available)
  jni 1.0.3 (1.1.0 available)
  jni_flutter 1.0.2 (1.0.3 available)
  lucide_icons_flutter 3.1.19 (3.1.21 available)
  material_color_utilities 0.13.0 (0.13.1 available)
  material_ui 1.1.0 (1.5.0 available)
  mime 2.0.0 (2.1.0 available)
  nm 0.5.0 (0.6.0 available)
  objective_c 9.6.0 (9.6.2 available)
  package_config 2.2.0 (3.0.0 available)
  package_info_plus 10.2.1 (10.2.2 available)
  passkeys_platform_interface 2.9.0 (2.10.0 available)
  pdf 3.13.0 (3.13.1 available)
  petitparser 7.0.2 (7.1.0 available)
  platform 3.1.6 (3.2.0 available)
  pool 1.5.2 (1.5.3 available)
  printing 5.15.0 (5.15.1 available)
  process 5.0.5 (5.0.6 available)
  pub_semver 2.2.0 (2.2.1 available)
  pubspec_parse 1.5.0 (1.6.0 available)
  qr 3.0.2 (4.0.0 available)
  stack_trace 1.12.1 (1.12.2 available)
  storage_client 2.8.0 (2.8.1 available)
  stream_transform 2.1.1 (2.1.2 available)
  supabase 2.16.1 (2.16.2 available)
  supabase_flutter 2.17.2 (2.18.0 available)
  test 1.31.1 (1.32.0 available)
  test_api 0.7.12 (0.7.14 available)
  test_core 0.6.18 (0.6.20 available)
  vector_math 2.4.2 (2.4.3 available)
  webdriver 3.1.0 (3.2.0 available)
  windows_file_picker 1.2.0 (2.0.0 available)
  xml 7.0.1 (7.1.0 available)
  yaml 3.1.3 (3.1.4 available)
Got dependencies!
70 packages have newer versions incompatible with dependency constraints.
Try `flutter pub outdated` for more information.
Launching run_web_wrapper.dart on Web Server in debug mode...
Waiting for connection from debug service on Web Server...         70.4s
run_web_wrapper.dart is being served at http://localhost:39783
The web-server device requires the Dart Debug Chrome extension for debugging. Consider using the Chrome or Edge devices for an improved development workflow.
Debug service listening on ws://127.0.0.1:34993/eQutfNi2oxY=/ws
A Dart VM Service on Web Server is available at: http://127.0.0.1:34993/eQutfNi2oxY=
The Flutter DevTools debugger and profiler on Web Server is available at: http://127.0.0.1:34993/eQutfNi2oxY=/devtools/?uri=ws://127.0.0.1:34993/eQutfNi2oxY=/ws
result {"result":"true","failureDetails":[],"data":{"e2e_skipped":["data_bucket_journey_test.dart: staging or Drive credentials absent (RISK-0017/0018, decision D2)"],"e2e_executed":["data_bucket: Part B (staging metadata, no Drive)"]}}
All tests passed.
Application finished.
MINE_FLOW_E2E_FILE integration_test/journeys/deep_link_journey_test.dart
Resolving dependencies...
Downloading packages...
  _fe_analyzer_shared 103.0.0 (108.0.0 available)
  analyzer 13.3.0 (14.4.0 available)
  android_file_picker 1.1.1 (2.0.0 available)
  archive 4.0.9 (4.3.0 available)
  battery_plus 7.1.1 (7.1.2 available)
  build 4.0.10 (4.0.11 available)
  build_config 1.3.2 (1.3.3 available)
  build_daemon 4.1.5 (4.1.6 available)
  built_collection 5.1.1 (5.1.2 available)
  built_value 8.12.7 (8.13.0 available)
  clock 1.1.2 (1.1.3 available)
  code_assets 2.0.0 (2.1.0 available)
  connectivity_plus 7.3.1 (7.3.2 available)
  cross_file 0.3.5+5 (0.4.0 available)
  cupertino_ui 1.0.1 (1.1.1 available)
  dbus 0.7.15 (0.8.0 available)
  equatable 2.1.0 (3.0.0 available)
  file_picker 12.2.0 (13.1.0 available)
  file_picker_darwin 1.1.0 (2.1.2 available)
  file_picker_linux 1.1.0 (2.0.1 available)
  file_picker_platform_interface 3.3.0 (4.0.0 available)
  file_picker_web 3.1.0 (4.0.0 available)
  flutter_secure_storage 11.1.0 (11.2.0 available)
  flutter_secure_storage_darwin 0.4.0 (0.4.3 available)
  flutter_secure_storage_linux 3.0.2 (3.0.3 available)
  flutter_secure_storage_platform_interface 2.1.0 (2.1.1 available)
  forui 0.26.0 (0.27.3 available)
  forui_lucide 0.26.1 (0.27.0 available)
  glob 2.1.3 (2.2.0 available)
  go_router 18.0.1 (18.0.2 available)
  googleapis_auth 2.3.3 (2.3.4 available)
  hive_ce 2.19.3 (2.20.1 available)
  hive_ce_flutter 2.3.4 (2.4.0 available)
  image 4.9.2 (4.10.1 available)
  image_picker_android 0.8.13+21 (0.8.13+23 available)
  image_picker_ios 0.8.13+7 (0.8.13+9 available)
  io 1.0.5 (1.1.0 available)
  jni 1.0.3 (1.1.0 available)
  jni_flutter 1.0.2 (1.0.3 available)
  lucide_icons_flutter 3.1.19 (3.1.21 available)
  material_color_utilities 0.13.0 (0.13.1 available)
  material_ui 1.1.0 (1.5.0 available)
  mime 2.0.0 (2.1.0 available)
  nm 0.5.0 (0.6.0 available)
  objective_c 9.6.0 (9.6.2 available)
  package_config 2.2.0 (3.0.0 available)
  package_info_plus 10.2.1 (10.2.2 available)
  passkeys_platform_interface 2.9.0 (2.10.0 available)
  pdf 3.13.0 (3.13.1 available)
  petitparser 7.0.2 (7.1.0 available)
  platform 3.1.6 (3.2.0 available)
  pool 1.5.2 (1.5.3 available)
  printing 5.15.0 (5.15.1 available)
  process 5.0.5 (5.0.6 available)
  pub_semver 2.2.0 (2.2.1 available)
  pubspec_parse 1.5.0 (1.6.0 available)
  qr 3.0.2 (4.0.0 available)
  stack_trace 1.12.1 (1.12.2 available)
  storage_client 2.8.0 (2.8.1 available)
  stream_transform 2.1.1 (2.1.2 available)
  supabase 2.16.1 (2.16.2 available)
  supabase_flutter 2.17.2 (2.18.0 available)
  test 1.31.1 (1.32.0 available)
  test_api 0.7.12 (0.7.14 available)
  test_core 0.6.18 (0.6.20 available)
  vector_math 2.4.2 (2.4.3 available)
  webdriver 3.1.0 (3.2.0 available)
  windows_file_picker 1.2.0 (2.0.0 available)
  xml 7.0.1 (7.1.0 available)
  yaml 3.1.3 (3.1.4 available)
Got dependencies!
70 packages have newer versions incompatible with dependency constraints.
Try `flutter pub outdated` for more information.
Launching run_web_wrapper.dart on Web Server in debug mode...
Waiting for connection from debug service on Web Server...         71.0s
run_web_wrapper.dart is being served at http://localhost:46341
The web-server device requires the Dart Debug Chrome extension for debugging. Consider using the Chrome or Edge devices for an improved development workflow.
Debug service listening on ws://127.0.0.1:37735/uG2Ljbf12FY=/ws
A Dart VM Service on Web Server is available at: http://127.0.0.1:37735/uG2Ljbf12FY=
The Flutter DevTools debugger and profiler on Web Server is available at: http://127.0.0.1:37735/uG2Ljbf12FY=/devtools/?uri=ws://127.0.0.1:37735/uG2Ljbf12FY=/ws
result {"result":"true","failureDetails":[],"data":{"e2e_executed":["deep_link","deep_link"]}}
All tests passed.
Application finished.
MINE_FLOW_E2E_FILE integration_test/journeys/equipment_check_journey_test.dart
Resolving dependencies...
Downloading packages...
  _fe_analyzer_shared 103.0.0 (108.0.0 available)
  analyzer 13.3.0 (14.4.0 available)
  android_file_picker 1.1.1 (2.0.0 available)
  archive 4.0.9 (4.3.0 available)
  battery_plus 7.1.1 (7.1.2 available)
  build 4.0.10 (4.0.11 available)
  build_config 1.3.2 (1.3.3 available)
  build_daemon 4.1.5 (4.1.6 available)
  built_collection 5.1.1 (5.1.2 available)
  built_value 8.12.7 (8.13.0 available)
  clock 1.1.2 (1.1.3 available)
  code_assets 2.0.0 (2.1.0 available)
  connectivity_plus 7.3.1 (7.3.2 available)
  cross_file 0.3.5+5 (0.4.0 available)
  cupertino_ui 1.0.1 (1.1.1 available)
  dbus 0.7.15 (0.8.0 available)
  equatable 2.1.0 (3.0.0 available)
  file_picker 12.2.0 (13.1.0 available)
  file_picker_darwin 1.1.0 (2.1.2 available)
  file_picker_linux 1.1.0 (2.0.1 available)
  file_picker_platform_interface 3.3.0 (4.0.0 available)
  file_picker_web 3.1.0 (4.0.0 available)
  flutter_secure_storage 11.1.0 (11.2.0 available)
  flutter_secure_storage_darwin 0.4.0 (0.4.3 available)
  flutter_secure_storage_linux 3.0.2 (3.0.3 available)
  flutter_secure_storage_platform_interface 2.1.0 (2.1.1 available)
  forui 0.26.0 (0.27.3 available)
  forui_lucide 0.26.1 (0.27.0 available)
  glob 2.1.3 (2.2.0 available)
  go_router 18.0.1 (18.0.2 available)
  googleapis_auth 2.3.3 (2.3.4 available)
  hive_ce 2.19.3 (2.20.1 available)
  hive_ce_flutter 2.3.4 (2.4.0 available)
  image 4.9.2 (4.10.1 available)
  image_picker_android 0.8.13+21 (0.8.13+23 available)
  image_picker_ios 0.8.13+7 (0.8.13+9 available)
  io 1.0.5 (1.1.0 available)
  jni 1.0.3 (1.1.0 available)
  jni_flutter 1.0.2 (1.0.3 available)
  lucide_icons_flutter 3.1.19 (3.1.21 available)
  material_color_utilities 0.13.0 (0.13.1 available)
  material_ui 1.1.0 (1.5.0 available)
  mime 2.0.0 (2.1.0 available)
  nm 0.5.0 (0.6.0 available)
  objective_c 9.6.0 (9.6.2 available)
  package_config 2.2.0 (3.0.0 available)
  package_info_plus 10.2.1 (10.2.2 available)
  passkeys_platform_interface 2.9.0 (2.10.0 available)
  pdf 3.13.0 (3.13.1 available)
  petitparser 7.0.2 (7.1.0 available)
  platform 3.1.6 (3.2.0 available)
  pool 1.5.2 (1.5.3 available)
  printing 5.15.0 (5.15.1 available)
  process 5.0.5 (5.0.6 available)
  pub_semver 2.2.0 (2.2.1 available)
  pubspec_parse 1.5.0 (1.6.0 available)
  qr 3.0.2 (4.0.0 available)
  stack_trace 1.12.1 (1.12.2 available)
  storage_client 2.8.0 (2.8.1 available)
  stream_transform 2.1.1 (2.1.2 available)
  supabase 2.16.1 (2.16.2 available)
  supabase_flutter 2.17.2 (2.18.0 available)
  test 1.31.1 (1.32.0 available)
  test_api 0.7.12 (0.7.14 available)
  test_core 0.6.18 (0.6.20 available)
  vector_math 2.4.2 (2.4.3 available)
  webdriver 3.1.0 (3.2.0 available)
  windows_file_picker 1.2.0 (2.0.0 available)
  xml 7.0.1 (7.1.0 available)
  yaml 3.1.3 (3.1.4 available)
Got dependencies!
70 packages have newer versions incompatible with dependency constraints.
Try `flutter pub outdated` for more information.
Launching run_web_wrapper.dart on Web Server in debug mode...
Waiting for connection from debug service on Web Server...         70.9s
run_web_wrapper.dart is being served at http://localhost:43303
The web-server device requires the Dart Debug Chrome extension for debugging. Consider using the Chrome or Edge devices for an improved development workflow.
Debug service listening on ws://127.0.0.1:33437/KAQBu9aIXTU=/ws
A Dart VM Service on Web Server is available at: http://127.0.0.1:33437/KAQBu9aIXTU=
The Flutter DevTools debugger and profiler on Web Server is available at: http://127.0.0.1:33437/KAQBu9aIXTU=/devtools/?uri=ws://127.0.0.1:33437/KAQBu9aIXTU=/ws
result {"result":"true","failureDetails":[],"data":{"e2e_executed":["equipment_check_journey_test"]}}
All tests passed.
Application finished.
MINE_FLOW_E2E_FILE integration_test/journeys/inventory_journey_test.dart
Resolving dependencies...
Downloading packages...
  _fe_analyzer_shared 103.0.0 (108.0.0 available)
  analyzer 13.3.0 (14.4.0 available)
  android_file_picker 1.1.1 (2.0.0 available)
  archive 4.0.9 (4.3.0 available)
  battery_plus 7.1.1 (7.1.2 available)
  build 4.0.10 (4.0.11 available)
  build_config 1.3.2 (1.3.3 available)
  build_daemon 4.1.5 (4.1.6 available)
  built_collection 5.1.1 (5.1.2 available)
  built_value 8.12.7 (8.13.0 available)
  clock 1.1.2 (1.1.3 available)
  code_assets 2.0.0 (2.1.0 available)
  connectivity_plus 7.3.1 (7.3.2 available)
  cross_file 0.3.5+5 (0.4.0 available)
  cupertino_ui 1.0.1 (1.1.1 available)
  dbus 0.7.15 (0.8.0 available)
  equatable 2.1.0 (3.0.0 available)
  file_picker 12.2.0 (13.1.0 available)
  file_picker_darwin 1.1.0 (2.1.2 available)
  file_picker_linux 1.1.0 (2.0.1 available)
  file_picker_platform_interface 3.3.0 (4.0.0 available)
  file_picker_web 3.1.0 (4.0.0 available)
  flutter_secure_storage 11.1.0 (11.2.0 available)
  flutter_secure_storage_darwin 0.4.0 (0.4.3 available)
  flutter_secure_storage_linux 3.0.2 (3.0.3 available)
  flutter_secure_storage_platform_interface 2.1.0 (2.1.1 available)
  forui 0.26.0 (0.27.3 available)
  forui_lucide 0.26.1 (0.27.0 available)
  glob 2.1.3 (2.2.0 available)
  go_router 18.0.1 (18.0.2 available)
  googleapis_auth 2.3.3 (2.3.4 available)
  hive_ce 2.19.3 (2.20.1 available)
  hive_ce_flutter 2.3.4 (2.4.0 available)
  image 4.9.2 (4.10.1 available)
  image_picker_android 0.8.13+21 (0.8.13+23 available)
  image_picker_ios 0.8.13+7 (0.8.13+9 available)
  io 1.0.5 (1.1.0 available)
  jni 1.0.3 (1.1.0 available)
  jni_flutter 1.0.2 (1.0.3 available)
  lucide_icons_flutter 3.1.19 (3.1.21 available)
  material_color_utilities 0.13.0 (0.13.1 available)
  material_ui 1.1.0 (1.5.0 available)
  mime 2.0.0 (2.1.0 available)
  nm 0.5.0 (0.6.0 available)
  objective_c 9.6.0 (9.6.2 available)
  package_config 2.2.0 (3.0.0 available)
  package_info_plus 10.2.1 (10.2.2 available)
  passkeys_platform_interface 2.9.0 (2.10.0 available)
  pdf 3.13.0 (3.13.1 available)
  petitparser 7.0.2 (7.1.0 available)
  platform 3.1.6 (3.2.0 available)
  pool 1.5.2 (1.5.3 available)
  printing 5.15.0 (5.15.1 available)
  process 5.0.5 (5.0.6 available)
  pub_semver 2.2.0 (2.2.1 available)
  pubspec_parse 1.5.0 (1.6.0 available)
  qr 3.0.2 (4.0.0 available)
  stack_trace 1.12.1 (1.12.2 available)
  storage_client 2.8.0 (2.8.1 available)
  stream_transform 2.1.1 (2.1.2 available)
  supabase 2.16.1 (2.16.2 available)
  supabase_flutter 2.17.2 (2.18.0 available)
  test 1.31.1 (1.32.0 available)
  test_api 0.7.12 (0.7.14 available)
  test_core 0.6.18 (0.6.20 available)
  vector_math 2.4.2 (2.4.3 available)
  webdriver 3.1.0 (3.2.0 available)
  windows_file_picker 1.2.0 (2.0.0 available)
  xml 7.0.1 (7.1.0 available)
  yaml 3.1.3 (3.1.4 available)
Got dependencies!
70 packages have newer versions incompatible with dependency constraints.
Try `flutter pub outdated` for more information.
Launching run_web_wrapper.dart on Web Server in debug mode...
Waiting for connection from debug service on Web Server...         70.5s
run_web_wrapper.dart is being served at http://localhost:44121
The web-server device requires the Dart Debug Chrome extension for debugging. Consider using the Chrome or Edge devices for an improved development workflow.
Debug service listening on ws://127.0.0.1:43639/aXsBxAkEKfw=/ws
A Dart VM Service on Web Server is available at: http://127.0.0.1:43639/aXsBxAkEKfw=
The Flutter DevTools debugger and profiler on Web Server is available at: http://127.0.0.1:43639/aXsBxAkEKfw=/devtools/?uri=ws://127.0.0.1:43639/aXsBxAkEKfw=/ws
result {"result":"true","failureDetails":[],"data":{"e2e_executed":["inventory_journey_test"]}}
All tests passed.
Application finished.
MINE_FLOW_E2E_FILE integration_test/journeys/land_clearing_journey_test.dart
Resolving dependencies...
Downloading packages...
  _fe_analyzer_shared 103.0.0 (108.0.0 available)
  analyzer 13.3.0 (14.4.0 available)
  android_file_picker 1.1.1 (2.0.0 available)
  archive 4.0.9 (4.3.0 available)
  battery_plus 7.1.1 (7.1.2 available)
  build 4.0.10 (4.0.11 available)
  build_config 1.3.2 (1.3.3 available)
  build_daemon 4.1.5 (4.1.6 available)
  built_collection 5.1.1 (5.1.2 available)
  built_value 8.12.7 (8.13.0 available)
  clock 1.1.2 (1.1.3 available)
  code_assets 2.0.0 (2.1.0 available)
  connectivity_plus 7.3.1 (7.3.2 available)
  cross_file 0.3.5+5 (0.4.0 available)
  cupertino_ui 1.0.1 (1.1.1 available)
  dbus 0.7.15 (0.8.0 available)
  equatable 2.1.0 (3.0.0 available)
  file_picker 12.2.0 (13.1.0 available)
  file_picker_darwin 1.1.0 (2.1.2 available)
  file_picker_linux 1.1.0 (2.0.1 available)
  file_picker_platform_interface 3.3.0 (4.0.0 available)
  file_picker_web 3.1.0 (4.0.0 available)
  flutter_secure_storage 11.1.0 (11.2.0 available)
  flutter_secure_storage_darwin 0.4.0 (0.4.3 available)
  flutter_secure_storage_linux 3.0.2 (3.0.3 available)
  flutter_secure_storage_platform_interface 2.1.0 (2.1.1 available)
  forui 0.26.0 (0.27.3 available)
  forui_lucide 0.26.1 (0.27.0 available)
  glob 2.1.3 (2.2.0 available)
  go_router 18.0.1 (18.0.2 available)
  googleapis_auth 2.3.3 (2.3.4 available)
  hive_ce 2.19.3 (2.20.1 available)
  hive_ce_flutter 2.3.4 (2.4.0 available)
  image 4.9.2 (4.10.1 available)
  image_picker_android 0.8.13+21 (0.8.13+23 available)
  image_picker_ios 0.8.13+7 (0.8.13+9 available)
  io 1.0.5 (1.1.0 available)
  jni 1.0.3 (1.1.0 available)
  jni_flutter 1.0.2 (1.0.3 available)
  lucide_icons_flutter 3.1.19 (3.1.21 available)
  material_color_utilities 0.13.0 (0.13.1 available)
  material_ui 1.1.0 (1.5.0 available)
  mime 2.0.0 (2.1.0 available)
  nm 0.5.0 (0.6.0 available)
  objective_c 9.6.0 (9.6.2 available)
  package_config 2.2.0 (3.0.0 available)
  package_info_plus 10.2.1 (10.2.2 available)
  passkeys_platform_interface 2.9.0 (2.10.0 available)
  pdf 3.13.0 (3.13.1 available)
  petitparser 7.0.2 (7.1.0 available)
  platform 3.1.6 (3.2.0 available)
  pool 1.5.2 (1.5.3 available)
  printing 5.15.0 (5.15.1 available)
  process 5.0.5 (5.0.6 available)
  pub_semver 2.2.0 (2.2.1 available)
  pubspec_parse 1.5.0 (1.6.0 available)
  qr 3.0.2 (4.0.0 available)
  stack_trace 1.12.1 (1.12.2 available)
  storage_client 2.8.0 (2.8.1 available)
  stream_transform 2.1.1 (2.1.2 available)
  supabase 2.16.1 (2.16.2 available)
  supabase_flutter 2.17.2 (2.18.0 available)
  test 1.31.1 (1.32.0 available)
  test_api 0.7.12 (0.7.14 available)
  test_core 0.6.18 (0.6.20 available)
  vector_math 2.4.2 (2.4.3 available)
  webdriver 3.1.0 (3.2.0 available)
  windows_file_picker 1.2.0 (2.0.0 available)
  xml 7.0.1 (7.1.0 available)
  yaml 3.1.3 (3.1.4 available)
Got dependencies!
70 packages have newer versions incompatible with dependency constraints.
Try `flutter pub outdated` for more information.
Launching run_web_wrapper.dart on Web Server in debug mode...
Waiting for connection from debug service on Web Server...         71.2s
run_web_wrapper.dart is being served at http://localhost:34013
The web-server device requires the Dart Debug Chrome extension for debugging. Consider using the Chrome or Edge devices for an improved development workflow.
Debug service listening on ws://127.0.0.1:46527/qGGK_JyUKQY=/ws
A Dart VM Service on Web Server is available at: http://127.0.0.1:46527/qGGK_JyUKQY=
The Flutter DevTools debugger and profiler on Web Server is available at: http://127.0.0.1:46527/qGGK_JyUKQY=/devtools/?uri=ws://127.0.0.1:46527/qGGK_JyUKQY=/ws
result {"result":"true","failureDetails":[],"data":{"e2e_executed":["land_clearing_journey_test"]}}
All tests passed.
Application finished.
MINE_FLOW_E2E_FILE integration_test/journeys/notifications_journey_test.dart
Resolving dependencies...
Downloading packages...
  _fe_analyzer_shared 103.0.0 (108.0.0 available)
  analyzer 13.3.0 (14.4.0 available)
  android_file_picker 1.1.1 (2.0.0 available)
  archive 4.0.9 (4.3.0 available)
  battery_plus 7.1.1 (7.1.2 available)
  build 4.0.10 (4.0.11 available)
  build_config 1.3.2 (1.3.3 available)
  build_daemon 4.1.5 (4.1.6 available)
  built_collection 5.1.1 (5.1.2 available)
  built_value 8.12.7 (8.13.0 available)
  clock 1.1.2 (1.1.3 available)
  code_assets 2.0.0 (2.1.0 available)
  connectivity_plus 7.3.1 (7.3.2 available)
  cross_file 0.3.5+5 (0.4.0 available)
  cupertino_ui 1.0.1 (1.1.1 available)
  dbus 0.7.15 (0.8.0 available)
  equatable 2.1.0 (3.0.0 available)
  file_picker 12.2.0 (13.1.0 available)
  file_picker_darwin 1.1.0 (2.1.2 available)
  file_picker_linux 1.1.0 (2.0.1 available)
  file_picker_platform_interface 3.3.0 (4.0.0 available)
  file_picker_web 3.1.0 (4.0.0 available)
  flutter_secure_storage 11.1.0 (11.2.0 available)
  flutter_secure_storage_darwin 0.4.0 (0.4.3 available)
  flutter_secure_storage_linux 3.0.2 (3.0.3 available)
  flutter_secure_storage_platform_interface 2.1.0 (2.1.1 available)
  forui 0.26.0 (0.27.3 available)
  forui_lucide 0.26.1 (0.27.0 available)
  glob 2.1.3 (2.2.0 available)
  go_router 18.0.1 (18.0.2 available)
  googleapis_auth 2.3.3 (2.3.4 available)
  hive_ce 2.19.3 (2.20.1 available)
  hive_ce_flutter 2.3.4 (2.4.0 available)
  image 4.9.2 (4.10.1 available)
  image_picker_android 0.8.13+21 (0.8.13+23 available)
  image_picker_ios 0.8.13+7 (0.8.13+9 available)
  io 1.0.5 (1.1.0 available)
  jni 1.0.3 (1.1.0 available)
  jni_flutter 1.0.2 (1.0.3 available)
  lucide_icons_flutter 3.1.19 (3.1.21 available)
  material_color_utilities 0.13.0 (0.13.1 available)
  material_ui 1.1.0 (1.5.0 available)
  mime 2.0.0 (2.1.0 available)
  nm 0.5.0 (0.6.0 available)
  objective_c 9.6.0 (9.6.2 available)
  package_config 2.2.0 (3.0.0 available)
  package_info_plus 10.2.1 (10.2.2 available)
  passkeys_platform_interface 2.9.0 (2.10.0 available)
  pdf 3.13.0 (3.13.1 available)
  petitparser 7.0.2 (7.1.0 available)
  platform 3.1.6 (3.2.0 available)
  pool 1.5.2 (1.5.3 available)
  printing 5.15.0 (5.15.1 available)
  process 5.0.5 (5.0.6 available)
  pub_semver 2.2.0 (2.2.1 available)
  pubspec_parse 1.5.0 (1.6.0 available)
  qr 3.0.2 (4.0.0 available)
  stack_trace 1.12.1 (1.12.2 available)
  storage_client 2.8.0 (2.8.1 available)
  stream_transform 2.1.1 (2.1.2 available)
  supabase 2.16.1 (2.16.2 available)
  supabase_flutter 2.17.2 (2.18.0 available)
  test 1.31.1 (1.32.0 available)
  test_api 0.7.12 (0.7.14 available)
  test_core 0.6.18 (0.6.20 available)
  vector_math 2.4.2 (2.4.3 available)
  webdriver 3.1.0 (3.2.0 available)
  windows_file_picker 1.2.0 (2.0.0 available)
  xml 7.0.1 (7.1.0 available)
  yaml 3.1.3 (3.1.4 available)
Got dependencies!
70 packages have newer versions incompatible with dependency constraints.
Try `flutter pub outdated` for more information.
Launching run_web_wrapper.dart on Web Server in debug mode...
Waiting for connection from debug service on Web Server...         71.3s
run_web_wrapper.dart is being served at http://localhost:33093
The web-server device requires the Dart Debug Chrome extension for debugging. Consider using the Chrome or Edge devices for an improved development workflow.
Debug service listening on ws://127.0.0.1:35267/zmHUVqyS7SA=/ws
A Dart VM Service on Web Server is available at: http://127.0.0.1:35267/zmHUVqyS7SA=
The Flutter DevTools debugger and profiler on Web Server is available at: http://127.0.0.1:35267/zmHUVqyS7SA=/devtools/?uri=ws://127.0.0.1:35267/zmHUVqyS7SA=/ws
SseConnection: Message received out of order, last processed id: 8, current message id: 10
Message received out of order, last processed id: 8, current message id: 10
result {"result":"true","failureDetails":[],"data":{"e2e_executed":["notifications_journey_test"]}}
All tests passed.
Application finished.
MINE_FLOW_E2E_FILE integration_test/journeys/offline_sync_journey_test.dart
Resolving dependencies...
Downloading packages...
  _fe_analyzer_shared 103.0.0 (108.0.0 available)
  analyzer 13.3.0 (14.4.0 available)
  android_file_picker 1.1.1 (2.0.0 available)
  archive 4.0.9 (4.3.0 available)
  battery_plus 7.1.1 (7.1.2 available)
  build 4.0.10 (4.0.11 available)
  build_config 1.3.2 (1.3.3 available)
  build_daemon 4.1.5 (4.1.6 available)
  built_collection 5.1.1 (5.1.2 available)
  built_value 8.12.7 (8.13.0 available)
  clock 1.1.2 (1.1.3 available)
  code_assets 2.0.0 (2.1.0 available)
  connectivity_plus 7.3.1 (7.3.2 available)
  cross_file 0.3.5+5 (0.4.0 available)
  cupertino_ui 1.0.1 (1.1.1 available)
  dbus 0.7.15 (0.8.0 available)
  equatable 2.1.0 (3.0.0 available)
  file_picker 12.2.0 (13.1.0 available)
  file_picker_darwin 1.1.0 (2.1.2 available)
  file_picker_linux 1.1.0 (2.0.1 available)
  file_picker_platform_interface 3.3.0 (4.0.0 available)
  file_picker_web 3.1.0 (4.0.0 available)
  flutter_secure_storage 11.1.0 (11.2.0 available)
  flutter_secure_storage_darwin 0.4.0 (0.4.3 available)
  flutter_secure_storage_linux 3.0.2 (3.0.3 available)
  flutter_secure_storage_platform_interface 2.1.0 (2.1.1 available)
  forui 0.26.0 (0.27.3 available)
  forui_lucide 0.26.1 (0.27.0 available)
  glob 2.1.3 (2.2.0 available)
  go_router 18.0.1 (18.0.2 available)
  googleapis_auth 2.3.3 (2.3.4 available)
  hive_ce 2.19.3 (2.20.1 available)
  hive_ce_flutter 2.3.4 (2.4.0 available)
  image 4.9.2 (4.10.1 available)
  image_picker_android 0.8.13+21 (0.8.13+23 available)
  image_picker_ios 0.8.13+7 (0.8.13+9 available)
  io 1.0.5 (1.1.0 available)
  jni 1.0.3 (1.1.0 available)
  jni_flutter 1.0.2 (1.0.3 available)
  lucide_icons_flutter 3.1.19 (3.1.21 available)
  material_color_utilities 0.13.0 (0.13.1 available)
  material_ui 1.1.0 (1.5.0 available)
  mime 2.0.0 (2.1.0 available)
  nm 0.5.0 (0.6.0 available)
  objective_c 9.6.0 (9.6.2 available)
  package_config 2.2.0 (3.0.0 available)
  package_info_plus 10.2.1 (10.2.2 available)
  passkeys_platform_interface 2.9.0 (2.10.0 available)
  pdf 3.13.0 (3.13.1 available)
  petitparser 7.0.2 (7.1.0 available)
  platform 3.1.6 (3.2.0 available)
  pool 1.5.2 (1.5.3 available)
  printing 5.15.0 (5.15.1 available)
  process 5.0.5 (5.0.6 available)
  pub_semver 2.2.0 (2.2.1 available)
  pubspec_parse 1.5.0 (1.6.0 available)
  qr 3.0.2 (4.0.0 available)
  stack_trace 1.12.1 (1.12.2 available)
  storage_client 2.8.0 (2.8.1 available)
  stream_transform 2.1.1 (2.1.2 available)
  supabase 2.16.1 (2.16.2 available)
  supabase_flutter 2.17.2 (2.18.0 available)
  test 1.31.1 (1.32.0 available)
  test_api 0.7.12 (0.7.14 available)
  test_core 0.6.18 (0.6.20 available)
  vector_math 2.4.2 (2.4.3 available)
  webdriver 3.1.0 (3.2.0 available)
  windows_file_picker 1.2.0 (2.0.0 available)
  xml 7.0.1 (7.1.0 available)
  yaml 3.1.3 (3.1.4 available)
Got dependencies!
70 packages have newer versions incompatible with dependency constraints.
Try `flutter pub outdated` for more information.
Launching run_web_wrapper.dart on Web Server in debug mode...
Waiting for connection from debug service on Web Server...         70.9s
run_web_wrapper.dart is being served at http://localhost:36229
The web-server device requires the Dart Debug Chrome extension for debugging. Consider using the Chrome or Edge devices for an improved development workflow.
Debug service listening on ws://127.0.0.1:40333/JctnXzzKCy8=/ws
A Dart VM Service on Web Server is available at: http://127.0.0.1:40333/JctnXzzKCy8=
The Flutter DevTools debugger and profiler on Web Server is available at: http://127.0.0.1:40333/JctnXzzKCy8=/devtools/?uri=ws://127.0.0.1:40333/JctnXzzKCy8=/ws
result {"result":"true","failureDetails":[],"data":{"e2e_skipped":["offline_sync_journey_test.dart: Android-only per Doc 15 §1 (platform limitation, not a defect)"],"e2e_executed":["offline_sync: Part B (sync-queue contract)","offline_sync: Part B (sync-queue contract)","offline_sync: Part B (sync-queue contract)","offline_sync: Part B (sync-queue contract)","offline_sync: Part B (sync-queue contract)"]}}
All tests passed.
Application finished.
MINE_FLOW_E2E_FILE integration_test/journeys/reporting_journey_test.dart
Resolving dependencies...
Downloading packages...
  _fe_analyzer_shared 103.0.0 (108.0.0 available)
  analyzer 13.3.0 (14.4.0 available)
  android_file_picker 1.1.1 (2.0.0 available)
  archive 4.0.9 (4.3.0 available)
  battery_plus 7.1.1 (7.1.2 available)
  build 4.0.10 (4.0.11 available)
  build_config 1.3.2 (1.3.3 available)
  build_daemon 4.1.5 (4.1.6 available)
  built_collection 5.1.1 (5.1.2 available)
  built_value 8.12.7 (8.13.0 available)
  clock 1.1.2 (1.1.3 available)
  code_assets 2.0.0 (2.1.0 available)
  connectivity_plus 7.3.1 (7.3.2 available)
  cross_file 0.3.5+5 (0.4.0 available)
  cupertino_ui 1.0.1 (1.1.1 available)
  dbus 0.7.15 (0.8.0 available)
  equatable 2.1.0 (3.0.0 available)
  file_picker 12.2.0 (13.1.0 available)
  file_picker_darwin 1.1.0 (2.1.2 available)
  file_picker_linux 1.1.0 (2.0.1 available)
  file_picker_platform_interface 3.3.0 (4.0.0 available)
  file_picker_web 3.1.0 (4.0.0 available)
  flutter_secure_storage 11.1.0 (11.2.0 available)
  flutter_secure_storage_darwin 0.4.0 (0.4.3 available)
  flutter_secure_storage_linux 3.0.2 (3.0.3 available)
  flutter_secure_storage_platform_interface 2.1.0 (2.1.1 available)
  forui 0.26.0 (0.27.3 available)
  forui_lucide 0.26.1 (0.27.0 available)
  glob 2.1.3 (2.2.0 available)
  go_router 18.0.1 (18.0.2 available)
  googleapis_auth 2.3.3 (2.3.4 available)
  hive_ce 2.19.3 (2.20.1 available)
  hive_ce_flutter 2.3.4 (2.4.0 available)
  image 4.9.2 (4.10.1 available)
  image_picker_android 0.8.13+21 (0.8.13+23 available)
  image_picker_ios 0.8.13+7 (0.8.13+9 available)
  io 1.0.5 (1.1.0 available)
  jni 1.0.3 (1.1.0 available)
  jni_flutter 1.0.2 (1.0.3 available)
  lucide_icons_flutter 3.1.19 (3.1.21 available)
  material_color_utilities 0.13.0 (0.13.1 available)
  material_ui 1.1.0 (1.5.0 available)
  mime 2.0.0 (2.1.0 available)
  nm 0.5.0 (0.6.0 available)
  objective_c 9.6.0 (9.6.2 available)
  package_config 2.2.0 (3.0.0 available)
  package_info_plus 10.2.1 (10.2.2 available)
  passkeys_platform_interface 2.9.0 (2.10.0 available)
  pdf 3.13.0 (3.13.1 available)
  petitparser 7.0.2 (7.1.0 available)
  platform 3.1.6 (3.2.0 available)
  pool 1.5.2 (1.5.3 available)
  printing 5.15.0 (5.15.1 available)
  process 5.0.5 (5.0.6 available)
  pub_semver 2.2.0 (2.2.1 available)
  pubspec_parse 1.5.0 (1.6.0 available)
  qr 3.0.2 (4.0.0 available)
  stack_trace 1.12.1 (1.12.2 available)
  storage_client 2.8.0 (2.8.1 available)
  stream_transform 2.1.1 (2.1.2 available)
  supabase 2.16.1 (2.16.2 available)
  supabase_flutter 2.17.2 (2.18.0 available)
  test 1.31.1 (1.32.0 available)
  test_api 0.7.12 (0.7.14 available)
  test_core 0.6.18 (0.6.20 available)
  vector_math 2.4.2 (2.4.3 available)
  webdriver 3.1.0 (3.2.0 available)
  windows_file_picker 1.2.0 (2.0.0 available)
  xml 7.0.1 (7.1.0 available)
  yaml 3.1.3 (3.1.4 available)
Got dependencies!
70 packages have newer versions incompatible with dependency constraints.
Try `flutter pub outdated` for more information.
Launching run_web_wrapper.dart on Web Server in debug mode...
Waiting for connection from debug service on Web Server...         71.4s
run_web_wrapper.dart is being served at http://localhost:37367
The web-server device requires the Dart Debug Chrome extension for debugging. Consider using the Chrome or Edge devices for an improved development workflow.
Debug service listening on ws://127.0.0.1:39429/9Q9vIwi-ors=/ws
A Dart VM Service on Web Server is available at: http://127.0.0.1:39429/9Q9vIwi-ors=
The Flutter DevTools debugger and profiler on Web Server is available at: http://127.0.0.1:39429/9Q9vIwi-ors=/devtools/?uri=ws://127.0.0.1:39429/9Q9vIwi-ors=/ws
result {"result":"true","failureDetails":[],"data":{"e2e_executed":["reporting_journey_test"]}}
All tests passed.
Application finished.
MINE_FLOW_E2E_FILE integration_test/journeys/rls_authorization_journey_test.dart
Resolving dependencies...
Downloading packages...
  _fe_analyzer_shared 103.0.0 (108.0.0 available)
  analyzer 13.3.0 (14.4.0 available)
  android_file_picker 1.1.1 (2.0.0 available)
  archive 4.0.9 (4.3.0 available)
  battery_plus 7.1.1 (7.1.2 available)
  build 4.0.10 (4.0.11 available)
  build_config 1.3.2 (1.3.3 available)
  build_daemon 4.1.5 (4.1.6 available)
  built_collection 5.1.1 (5.1.2 available)
  built_value 8.12.7 (8.13.0 available)
  clock 1.1.2 (1.1.3 available)
  code_assets 2.0.0 (2.1.0 available)
  connectivity_plus 7.3.1 (7.3.2 available)
  cross_file 0.3.5+5 (0.4.0 available)
  cupertino_ui 1.0.1 (1.1.1 available)
  dbus 0.7.15 (0.8.0 available)
  equatable 2.1.0 (3.0.0 available)
  file_picker 12.2.0 (13.1.0 available)
  file_picker_darwin 1.1.0 (2.1.2 available)
  file_picker_linux 1.1.0 (2.0.1 available)
  file_picker_platform_interface 3.3.0 (4.0.0 available)
  file_picker_web 3.1.0 (4.0.0 available)
  flutter_secure_storage 11.1.0 (11.2.0 available)
  flutter_secure_storage_darwin 0.4.0 (0.4.3 available)
  flutter_secure_storage_linux 3.0.2 (3.0.3 available)
  flutter_secure_storage_platform_interface 2.1.0 (2.1.1 available)
  forui 0.26.0 (0.27.3 available)
  forui_lucide 0.26.1 (0.27.0 available)
  glob 2.1.3 (2.2.0 available)
  go_router 18.0.1 (18.0.2 available)
  googleapis_auth 2.3.3 (2.3.4 available)
  hive_ce 2.19.3 (2.20.1 available)
  hive_ce_flutter 2.3.4 (2.4.0 available)
  image 4.9.2 (4.10.1 available)
  image_picker_android 0.8.13+21 (0.8.13+23 available)
  image_picker_ios 0.8.13+7 (0.8.13+9 available)
  io 1.0.5 (1.1.0 available)
  jni 1.0.3 (1.1.0 available)
  jni_flutter 1.0.2 (1.0.3 available)
  lucide_icons_flutter 3.1.19 (3.1.21 available)
  material_color_utilities 0.13.0 (0.13.1 available)
  material_ui 1.1.0 (1.5.0 available)
  mime 2.0.0 (2.1.0 available)
  nm 0.5.0 (0.6.0 available)
  objective_c 9.6.0 (9.6.2 available)
  package_config 2.2.0 (3.0.0 available)
  package_info_plus 10.2.1 (10.2.2 available)
  passkeys_platform_interface 2.9.0 (2.10.0 available)
  pdf 3.13.0 (3.13.1 available)
  petitparser 7.0.2 (7.1.0 available)
  platform 3.1.6 (3.2.0 available)
  pool 1.5.2 (1.5.3 available)
  printing 5.15.0 (5.15.1 available)
  process 5.0.5 (5.0.6 available)
  pub_semver 2.2.0 (2.2.1 available)
  pubspec_parse 1.5.0 (1.6.0 available)
  qr 3.0.2 (4.0.0 available)
  stack_trace 1.12.1 (1.12.2 available)
  storage_client 2.8.0 (2.8.1 available)
  stream_transform 2.1.1 (2.1.2 available)
  supabase 2.16.1 (2.16.2 available)
  supabase_flutter 2.17.2 (2.18.0 available)
  test 1.31.1 (1.32.0 available)
  test_api 0.7.12 (0.7.14 available)
  test_core 0.6.18 (0.6.20 available)
  vector_math 2.4.2 (2.4.3 available)
  webdriver 3.1.0 (3.2.0 available)
  windows_file_picker 1.2.0 (2.0.0 available)
  xml 7.0.1 (7.1.0 available)
  yaml 3.1.3 (3.1.4 available)
Got dependencies!
70 packages have newer versions incompatible with dependency constraints.
Try `flutter pub outdated` for more information.
Launching run_web_wrapper.dart on Web Server in debug mode...
Waiting for connection from debug service on Web Server...         72.6s
run_web_wrapper.dart is being served at http://localhost:32879
The web-server device requires the Dart Debug Chrome extension for debugging. Consider using the Chrome or Edge devices for an improved development workflow.
Debug service listening on ws://127.0.0.1:37653/kdZ9RvYsRC4=/ws
A Dart VM Service on Web Server is available at: http://127.0.0.1:37653/kdZ9RvYsRC4=
The Flutter DevTools debugger and profiler on Web Server is available at: http://127.0.0.1:37653/kdZ9RvYsRC4=/devtools/?uri=ws://127.0.0.1:37653/kdZ9RvYsRC4=/ws
result {"result":"true","failureDetails":[],"data":{"e2e_executed":["rls_authorization","rls_authorization"],"e2e_skipped":["rls_authorization_journey_test.dart: crew credentials absent (RISK-0021)"]}}
All tests passed.
Application finished.
MINE_FLOW_E2E_FILE integration_test/journeys/timeline_journey_test.dart
Resolving dependencies...
Downloading packages...
  _fe_analyzer_shared 103.0.0 (108.0.0 available)
  analyzer 13.3.0 (14.4.0 available)
  android_file_picker 1.1.1 (2.0.0 available)
  archive 4.0.9 (4.3.0 available)
  battery_plus 7.1.1 (7.1.2 available)
  build 4.0.10 (4.0.11 available)
  build_config 1.3.2 (1.3.3 available)
  build_daemon 4.1.5 (4.1.6 available)
  built_collection 5.1.1 (5.1.2 available)
  built_value 8.12.7 (8.13.0 available)
  clock 1.1.2 (1.1.3 available)
  code_assets 2.0.0 (2.1.0 available)
  connectivity_plus 7.3.1 (7.3.2 available)
  cross_file 0.3.5+5 (0.4.0 available)
  cupertino_ui 1.0.1 (1.1.1 available)
  dbus 0.7.15 (0.8.0 available)
  equatable 2.1.0 (3.0.0 available)
  file_picker 12.2.0 (13.1.0 available)
  file_picker_darwin 1.1.0 (2.1.2 available)
  file_picker_linux 1.1.0 (2.0.1 available)
  file_picker_platform_interface 3.3.0 (4.0.0 available)
  file_picker_web 3.1.0 (4.0.0 available)
  flutter_secure_storage 11.1.0 (11.2.0 available)
  flutter_secure_storage_darwin 0.4.0 (0.4.3 available)
  flutter_secure_storage_linux 3.0.2 (3.0.3 available)
  flutter_secure_storage_platform_interface 2.1.0 (2.1.1 available)
  forui 0.26.0 (0.27.3 available)
  forui_lucide 0.26.1 (0.27.0 available)
  glob 2.1.3 (2.2.0 available)
  go_router 18.0.1 (18.0.2 available)
  googleapis_auth 2.3.3 (2.3.4 available)
  hive_ce 2.19.3 (2.20.1 available)
  hive_ce_flutter 2.3.4 (2.4.0 available)
  image 4.9.2 (4.10.1 available)
  image_picker_android 0.8.13+21 (0.8.13+23 available)
  image_picker_ios 0.8.13+7 (0.8.13+9 available)
  io 1.0.5 (1.1.0 available)
  jni 1.0.3 (1.1.0 available)
  jni_flutter 1.0.2 (1.0.3 available)
  lucide_icons_flutter 3.1.19 (3.1.21 available)
  material_color_utilities 0.13.0 (0.13.1 available)
  material_ui 1.1.0 (1.5.0 available)
  mime 2.0.0 (2.1.0 available)
  nm 0.5.0 (0.6.0 available)
  objective_c 9.6.0 (9.6.2 available)
  package_config 2.2.0 (3.0.0 available)
  package_info_plus 10.2.1 (10.2.2 available)
  passkeys_platform_interface 2.9.0 (2.10.0 available)
  pdf 3.13.0 (3.13.1 available)
  petitparser 7.0.2 (7.1.0 available)
  platform 3.1.6 (3.2.0 available)
  pool 1.5.2 (1.5.3 available)
  printing 5.15.0 (5.15.1 available)
  process 5.0.5 (5.0.6 available)
  pub_semver 2.2.0 (2.2.1 available)
  pubspec_parse 1.5.0 (1.6.0 available)
  qr 3.0.2 (4.0.0 available)
  stack_trace 1.12.1 (1.12.2 available)
  storage_client 2.8.0 (2.8.1 available)
  stream_transform 2.1.1 (2.1.2 available)
  supabase 2.16.1 (2.16.2 available)
  supabase_flutter 2.17.2 (2.18.0 available)
  test 1.31.1 (1.32.0 available)
  test_api 0.7.12 (0.7.14 available)
  test_core 0.6.18 (0.6.20 available)
  vector_math 2.4.2 (2.4.3 available)
  webdriver 3.1.0 (3.2.0 available)
  windows_file_picker 1.2.0 (2.0.0 available)
  xml 7.0.1 (7.1.0 available)
  yaml 3.1.3 (3.1.4 available)
Got dependencies!
70 packages have newer versions incompatible with dependency constraints.
Try `flutter pub outdated` for more information.
Launching run_web_wrapper.dart on Web Server in debug mode...
Waiting for connection from debug service on Web Server...         70.6s
run_web_wrapper.dart is being served at http://localhost:39865
The web-server device requires the Dart Debug Chrome extension for debugging. Consider using the Chrome or Edge devices for an improved development workflow.
Debug service listening on ws://127.0.0.1:34437/4QACBkrmOOs=/ws
A Dart VM Service on Web Server is available at: http://127.0.0.1:34437/4QACBkrmOOs=
The Flutter DevTools debugger and profiler on Web Server is available at: http://127.0.0.1:34437/4QACBkrmOOs=/devtools/?uri=ws://127.0.0.1:34437/4QACBkrmOOs=/ws
result {"result":"true","failureDetails":[],"data":{"e2e_executed":["timeline_journey_test"]}}
All tests passed.
Application finished.
